0 verbose cli /usr/local/Cellar/node/23.10.0_1/bin/node /usr/local/bin/npm
1 info using npm@10.9.2
2 info using node@v23.10.0
3 silly config load:file:/usr/local/lib/node_modules/npm/npmrc
4 silly config load:file:/Users/webninjaz-developer/Desktop/hms/hostle/.npmrc
5 silly config load:file:/Users/webninjaz-developer/.npmrc
6 silly config load:file:/usr/local/etc/npmrc
7 verbose title npm i @tabler/icons-react@latest
8 verbose argv "i" "@tabler/icons-react@latest" "--save" "--yes"
9 verbose logfile logs-max:10 dir:/Users/webninjaz-developer/Desktop/hms/hostle/.npm-cache/_logs/2025-10-29T10_20_24_450Z-
10 verbose logfile /Users/webninjaz-developer/Desktop/hms/hostle/.npm-cache/_logs/2025-10-29T10_20_24_450Z-debug-0.log
11 silly logfile done cleaning log files
12 silly packumentCache heap:4345298944 maxSize:1086324736 maxEntrySize:543162368
13 silly packumentCache corgi:https://registry.npmjs.org/@tabler%2ficons-react cache-miss
14 verbose shrinkwrap failed to load node_modules/.package-lock.json out of date, updated: node_modules
15 http fetch GET 200 https://registry.npmjs.org/@tabler%2ficons-react 874ms (cache miss)
16 silly packumentCache corgi:https://registry.npmjs.org/@tabler%2ficons-react set size:undefined disposed:false
17 silly idealTree buildDeps
18 silly fetch manifest @tabler/icons-react@3.35.0
19 silly packumentCache full:https://registry.npmjs.org/@tabler%2ficons-react cache-miss
20 http cache https://registry.npmjs.org/@tabler%2ficons-react 8ms (cache hit)
21 silly packumentCache full:https://registry.npmjs.org/@tabler%2ficons-react set size:277908 disposed:false
22 silly fetch manifest react@^18.2.0
23 silly packumentCache full:https://registry.npmjs.org/react cache-miss
24 http cache https://registry.npmjs.org/react 21ms (cache hit)
25 silly packumentCache full:https://registry.npmjs.org/react set size:6204863 disposed:false
26 silly placeDep ROOT @tabler/icons-react@3.35.0 REPLACE for: berry-free-material-react-cra@3.3.2 want: 3.35.0
27 silly reify moves {}
28 silly audit bulk request {
28 silly audit   '@alloc/quick-lru': [ '5.2.0' ],
28 silly audit   '@babel/code-frame': [ '7.27.1' ],
28 silly audit   '@babel/compat-data': [ '7.28.5' ],
28 silly audit   '@babel/core': [ '7.28.5' ],
28 silly audit   semver: [ '6.3.1', '7.7.3' ],
28 silly audit   '@babel/eslint-parser': [ '7.28.5' ],
28 silly audit   '@babel/generator': [ '7.28.5' ],
28 silly audit   '@babel/helper-annotate-as-pure': [ '7.27.3' ],
28 silly audit   '@babel/helper-compilation-targets': [ '7.27.2' ],
28 silly audit   '@babel/helper-create-class-features-plugin': [ '7.28.5' ],
28 silly audit   '@babel/helper-create-regexp-features-plugin': [ '7.28.5' ],
28 silly audit   '@babel/helper-define-polyfill-provider': [ '0.6.5' ],
28 silly audit   '@babel/helper-globals': [ '7.28.0' ],
28 silly audit   '@babel/helper-member-expression-to-functions': [ '7.28.5' ],
28 silly audit   '@babel/helper-module-imports': [ '7.27.1' ],
28 silly audit   '@babel/helper-module-transforms': [ '7.28.3' ],
28 silly audit   '@babel/helper-optimise-call-expression': [ '7.27.1' ],
28 silly audit   '@babel/helper-plugin-utils': [ '7.27.1' ],
28 silly audit   '@babel/helper-remap-async-to-generator': [ '7.27.1' ],
28 silly audit   '@babel/helper-replace-supers': [ '7.27.1' ],
28 silly audit   '@babel/helper-skip-transparent-expression-wrappers': [ '7.27.1' ],
28 silly audit   '@babel/helper-string-parser': [ '7.27.1' ],
28 silly audit   '@babel/helper-validator-identifier': [ '7.28.5' ],
28 silly audit   '@babel/helper-validator-option': [ '7.27.1' ],
28 silly audit   '@babel/helper-wrap-function': [ '7.28.3' ],
28 silly audit   '@babel/helpers': [ '7.28.4' ],
28 silly audit   '@babel/parser': [ '7.28.5' ],
28 silly audit   '@babel/plugin-bugfix-firefox-class-in-computed-class-key': [ '7.28.5' ],
28 silly audit   '@babel/plugin-bugfix-safari-class-field-initializer-scope': [ '7.27.1' ],
28 silly audit   '@babel/plugin-bugfix-safari-id-destructuring-collision-in-function-expression': [ '7.27.1' ],
28 silly audit   '@babel/plugin-bugfix-v8-spread-parameters-in-optional-chaining': [ '7.27.1' ],
28 silly audit   '@babel/plugin-bugfix-v8-static-class-fields-redefine-readonly': [ '7.28.3' ],
28 silly audit   '@babel/plugin-proposal-class-properties': [ '7.18.6' ],
28 silly audit   '@babel/plugin-proposal-decorators': [ '7.28.0' ],
28 silly audit   '@babel/plugin-proposal-nullish-coalescing-operator': [ '7.18.6' ],
28 silly audit   '@babel/plugin-proposal-numeric-separator': [ '7.18.6' ],
28 silly audit   '@babel/plugin-proposal-optional-chaining': [ '7.21.0' ],
28 silly audit   '@babel/plugin-proposal-private-methods': [ '7.18.6' ],
28 silly audit   '@babel/plugin-proposal-private-property-in-object': [ '7.21.0-placeholder-for-preset-env.2', '7.21.11' ],
28 silly audit   '@babel/plugin-syntax-async-generators': [ '7.8.4' ],
28 silly audit   '@babel/plugin-syntax-bigint': [ '7.8.3' ],
28 silly audit   '@babel/plugin-syntax-class-properties': [ '7.12.13' ],
28 silly audit   '@babel/plugin-syntax-class-static-block': [ '7.14.5' ],
28 silly audit   '@babel/plugin-syntax-decorators': [ '7.27.1' ],
28 silly audit   '@babel/plugin-syntax-flow': [ '7.27.1' ],
28 silly audit   '@babel/plugin-syntax-import-assertions': [ '7.27.1' ],
28 silly audit   '@babel/plugin-syntax-import-attributes': [ '7.27.1' ],
28 silly audit   '@babel/plugin-syntax-import-meta': [ '7.10.4' ],
28 silly audit   '@babel/plugin-syntax-json-strings': [ '7.8.3' ],
28 silly audit   '@babel/plugin-syntax-jsx': [ '7.27.1' ],
28 silly audit   '@babel/plugin-syntax-logical-assignment-operators': [ '7.10.4' ],
28 silly audit   '@babel/plugin-syntax-nullish-coalescing-operator': [ '7.8.3' ],
28 silly audit   '@babel/plugin-syntax-numeric-separator': [ '7.10.4' ],
28 silly audit   '@babel/plugin-syntax-object-rest-spread': [ '7.8.3' ],
28 silly audit   '@babel/plugin-syntax-optional-catch-binding': [ '7.8.3' ],
28 silly audit   '@babel/plugin-syntax-optional-chaining': [ '7.8.3' ],
28 silly audit   '@babel/plugin-syntax-private-property-in-object': [ '7.14.5' ],
28 silly audit   '@babel/plugin-syntax-top-level-await': [ '7.14.5' ],
28 silly audit   '@babel/plugin-syntax-typescript': [ '7.27.1' ],
28 silly audit   '@babel/plugin-syntax-unicode-sets-regex': [ '7.18.6' ],
28 silly audit   '@babel/plugin-transform-arrow-functions': [ '7.27.1' ],
28 silly audit   '@babel/plugin-transform-async-generator-functions': [ '7.28.0' ],
28 silly audit   '@babel/plugin-transform-async-to-generator': [ '7.27.1' ],
28 silly audit   '@babel/plugin-transform-block-scoped-functions': [ '7.27.1' ],
28 silly audit   '@babel/plugin-transform-block-scoping': [ '7.28.5' ],
28 silly audit   '@babel/plugin-transform-class-properties': [ '7.27.1' ],
28 silly audit   '@babel/plugin-transform-class-static-block': [ '7.28.3' ],
28 silly audit   '@babel/plugin-transform-classes': [ '7.28.4' ],
28 silly audit   '@babel/plugin-transform-computed-properties': [ '7.27.1' ],
28 silly audit   '@babel/plugin-transform-destructuring': [ '7.28.5' ],
28 silly audit   '@babel/plugin-transform-dotall-regex': [ '7.27.1' ],
28 silly audit   '@babel/plugin-transform-duplicate-keys': [ '7.27.1' ],
28 silly audit   '@babel/plugin-transform-duplicate-named-capturing-groups-regex': [ '7.27.1' ],
28 silly audit   '@babel/plugin-transform-dynamic-import': [ '7.27.1' ],
28 silly audit   '@babel/plugin-transform-explicit-resource-management': [ '7.28.0' ],
28 silly audit   '@babel/plugin-transform-exponentiation-operator': [ '7.28.5' ],
28 silly audit   '@babel/plugin-transform-export-namespace-from': [ '7.27.1' ],
28 silly audit   '@babel/plugin-transform-flow-strip-types': [ '7.27.1' ],
28 silly audit   '@babel/plugin-transform-for-of': [ '7.27.1' ],
28 silly audit   '@babel/plugin-transform-function-name': [ '7.27.1' ],
28 silly audit   '@babel/plugin-transform-json-strings': [ '7.27.1' ],
28 silly audit   '@babel/plugin-transform-literals': [ '7.27.1' ],
28 silly audit   '@babel/plugin-transform-logical-assignment-operators': [ '7.28.5' ],
28 silly audit   '@babel/plugin-transform-member-expression-literals': [ '7.27.1' ],
28 silly audit   '@babel/plugin-transform-modules-amd': [ '7.27.1' ],
28 silly audit   '@babel/plugin-transform-modules-commonjs': [ '7.27.1' ],
28 silly audit   '@babel/plugin-transform-modules-systemjs': [ '7.28.5' ],
28 silly audit   '@babel/plugin-transform-modules-umd': [ '7.27.1' ],
28 silly audit   '@babel/plugin-transform-named-capturing-groups-regex': [ '7.27.1' ],
28 silly audit   '@babel/plugin-transform-new-target': [ '7.27.1' ],
28 silly audit   '@babel/plugin-transform-nullish-coalescing-operator': [ '7.27.1' ],
28 silly audit   '@babel/plugin-transform-numeric-separator': [ '7.27.1' ],
28 silly audit   '@babel/plugin-transform-object-rest-spread': [ '7.28.4' ],
28 silly audit   '@babel/plugin-transform-object-super': [ '7.27.1' ],
28 silly audit   '@babel/plugin-transform-optional-catch-binding': [ '7.27.1' ],
28 silly audit   '@babel/plugin-transform-optional-chaining': [ '7.28.5' ],
28 silly audit   '@babel/plugin-transform-parameters': [ '7.27.7' ],
28 silly audit   '@babel/plugin-transform-private-methods': [ '7.27.1' ],
28 silly audit   '@babel/plugin-transform-private-property-in-object': [ '7.27.1' ],
28 silly audit   '@babel/plugin-transform-property-literals': [ '7.27.1' ],
28 silly audit   '@babel/plugin-transform-react-constant-elements': [ '7.27.1' ],
28 silly audit   '@babel/plugin-transform-react-display-name': [ '7.28.0' ],
28 silly audit   '@babel/plugin-transform-react-jsx': [ '7.27.1' ],
28 silly audit   '@babel/plugin-transform-react-jsx-development': [ '7.27.1' ],
28 silly audit   '@babel/plugin-transform-react-pure-annotations': [ '7.27.1' ],
28 silly audit   '@babel/plugin-transform-regenerator': [ '7.28.4' ],
28 silly audit   '@babel/plugin-transform-regexp-modifiers': [ '7.27.1' ],
28 silly audit   '@babel/plugin-transform-reserved-words': [ '7.27.1' ],
28 silly audit   '@babel/plugin-transform-runtime': [ '7.28.5' ],
28 silly audit   '@babel/plugin-transform-shorthand-properties': [ '7.27.1' ],
28 silly audit   '@babel/plugin-transform-spread': [ '7.27.1' ],
28 silly audit   '@babel/plugin-transform-sticky-regex': [ '7.27.1' ],
28 silly audit   '@babel/plugin-transform-template-literals': [ '7.27.1' ],
28 silly audit   '@babel/plugin-transform-typeof-symbol': [ '7.27.1' ],
28 silly audit   '@babel/plugin-transform-typescript': [ '7.28.5' ],
28 silly audit   '@babel/plugin-transform-unicode-escapes': [ '7.27.1' ],
28 silly audit   '@babel/plugin-transform-unicode-property-regex': [ '7.27.1' ],
28 silly audit   '@babel/plugin-transform-unicode-regex': [ '7.27.1' ],
28 silly audit   '@babel/plugin-transform-unicode-sets-regex': [ '7.27.1' ],
28 silly audit   '@babel/preset-env': [ '7.28.5' ],
28 silly audit   '@babel/preset-modules': [ '0.1.6-no-external-plugins' ],
28 silly audit   '@babel/preset-react': [ '7.28.5' ],
28 silly audit   '@babel/preset-typescript': [ '7.28.5' ],
28 silly audit   '@babel/runtime': [ '7.28.4' ],
28 silly audit   '@babel/template': [ '7.27.2' ],
28 silly audit   '@babel/traverse': [ '7.28.5' ],
28 silly audit   '@babel/types': [ '7.28.5' ],
28 silly audit   '@bcoe/v8-coverage': [ '0.2.3' ],
28 silly audit   '@changesets/apply-release-plan': [ '7.0.13' ],
28 silly audit   'fs-extra': [ '7.0.1', '8.1.0', '9.1.0', '10.1.0' ],
28 silly audit   jsonfile: [ '4.0.0', '6.2.0' ],
28 silly audit   universalify: [ '0.1.2', '0.2.0', '2.0.1' ],
28 silly audit   '@changesets/assemble-release-plan': [ '6.0.9' ],
28 silly audit   '@changesets/changelog-git': [ '0.2.1' ],
28 silly audit   '@changesets/cli': [ '2.29.7' ],
28 silly audit   '@changesets/config': [ '3.1.1' ],
28 silly audit   '@changesets/errors': [ '0.2.0' ],
28 silly audit   '@changesets/get-dependents-graph': [ '2.1.3' ],
28 silly audit   '@changesets/get-release-plan': [ '4.0.13' ],
28 silly audit   '@changesets/get-version-range-type': [ '0.4.0' ],
28 silly audit   '@changesets/git': [ '3.0.4' ],
28 silly audit   '@changesets/logger': [ '0.1.1' ],
28 silly audit   '@changesets/parse': [ '0.4.1' ],
28 silly audit   '@changesets/pre': [ '2.0.2' ],
28 silly audit   '@changesets/read': [ '0.6.5' ],
28 silly audit   '@changesets/should-skip-package': [ '0.1.2' ],
28 silly audit   '@changesets/types': [ '6.1.0', '4.1.0' ],
28 silly audit   '@changesets/write': [ '0.4.0' ],
28 silly audit   '@csstools/normalize.css': [ '12.1.1' ],
28 silly audit   '@csstools/postcss-cascade-layers': [ '1.1.1' ],
28 silly audit   '@csstools/postcss-color-function': [ '1.1.1' ],
28 silly audit   '@csstools/postcss-font-format-keywords': [ '1.0.1' ],
28 silly audit   '@csstools/postcss-hwb-function': [ '1.0.2' ],
28 silly audit   '@csstools/postcss-ic-unit': [ '1.0.1' ],
28 silly audit   '@csstools/postcss-is-pseudo-class': [ '2.0.7' ],
28 silly audit   '@csstools/postcss-nested-calc': [ '1.0.0' ],
28 silly audit   '@csstools/postcss-normalize-display-values': [ '1.0.1' ],
28 silly audit   '@csstools/postcss-oklab-function': [ '1.1.1' ],
28 silly audit   '@csstools/postcss-progressive-custom-properties': [ '1.3.0' ],
28 silly audit   '@csstools/postcss-stepped-value-functions': [ '1.0.1' ],
28 silly audit   '@csstools/postcss-text-decoration-shorthand': [ '1.0.0' ],
28 silly audit   '@csstools/postcss-trigonometric-functions': [ '1.0.2' ],
28 silly audit   '@csstools/postcss-unset-value': [ '1.0.2' ],
28 silly audit   '@csstools/selector-specificity': [ '2.2.0' ],
28 silly audit   '@emotion/babel-plugin': [ '11.13.5' ],
28 silly audit   'convert-source-map': [ '1.9.0', '2.0.0' ],
28 silly audit   '@emotion/cache': [ '11.14.0' ],
28 silly audit   '@emotion/hash': [ '0.9.2' ],
28 silly audit   '@emotion/is-prop-valid': [ '1.4.0', '0.8.8' ],
28 silly audit   '@emotion/memoize': [ '0.9.0', '0.7.4' ],
28 silly audit   '@emotion/react': [ '11.14.0' ],
28 silly audit   '@emotion/serialize': [ '1.3.3' ],
28 silly audit   '@emotion/sheet': [ '1.4.0' ],
28 silly audit   '@emotion/styled': [ '11.14.1' ],
28 silly audit   '@emotion/unitless': [ '0.10.0' ],
28 silly audit   '@emotion/use-insertion-effect-with-fallbacks': [ '1.2.0' ],
28 silly audit   '@emotion/utils': [ '1.4.2' ],
28 silly audit   '@emotion/weak-memoize': [ '0.4.0' ],
28 silly audit   '@eslint-community/eslint-utils': [ '4.9.0' ],
28 silly audit   'eslint-visitor-keys': [ '3.4.3', '2.1.0' ],
28 silly audit   '@eslint-community/regexpp': [ '4.12.2' ],
28 silly audit   '@eslint/eslintrc': [ '2.1.4' ],
28 silly audit   argparse: [ '2.0.1', '1.0.10' ],
28 silly audit   'js-yaml': [ '4.1.0', '3.14.1' ],
28 silly audit   '@eslint/js': [ '8.57.1' ],
28 silly audit   '@floating-ui/core': [ '1.7.3' ],
28 silly audit   '@floating-ui/dom': [ '1.7.4' ],
28 silly audit   '@floating-ui/react-dom': [ '2.1.6' ],
28 silly audit   '@floating-ui/utils': [ '0.2.10' ],
28 silly audit   '@fullcalendar/core': [ '6.1.19' ],
28 silly audit   '@fullcalendar/daygrid': [ '6.1.19' ],
28 silly audit   '@fullcalendar/interaction': [ '6.1.19' ],
28 silly audit   '@fullcalendar/react': [ '6.1.19' ],
28 silly audit   '@fullcalendar/timegrid': [ '6.1.19' ],
28 silly audit   '@humanwhocodes/config-array': [ '0.13.0' ],
28 silly audit   '@humanwhocodes/module-importer': [ '1.0.1' ],
28 silly audit   '@humanwhocodes/object-schema': [ '2.0.3' ],
28 silly audit   '@iconify/react': [ '4.1.1' ],
28 silly audit   '@iconify/types': [ '2.0.0' ],
28 silly audit   '@inquirer/external-editor': [ '1.0.2' ],
28 silly audit   'iconv-lite': [ '0.7.0', '0.4.24', '0.6.3' ],
28 silly audit   '@isaacs/cliui': [ '8.0.2' ],
28 silly audit   'ansi-regex': [ '6.2.2', '5.0.1' ],
28 silly audit   'ansi-styles': [ '6.2.3', '4.3.0', '5.2.0' ],
28 silly audit   'string-width': [ '5.1.2', '4.2.3' ],
28 silly audit   'strip-ansi': [ '7.1.2', '6.0.1' ],
28 silly audit   'wrap-ansi': [ '8.1.0', '7.0.0' ],
28 silly audit   '@istanbuljs/load-nyc-config': [ '1.1.0' ],
28 silly audit   camelcase: [ '5.3.1', '6.3.0' ],
28 silly audit   '@istanbuljs/schema': [ '0.1.3' ],
28 silly audit   '@jest/console': [ '27.5.1', '28.1.3' ],
28 silly audit   '@jest/core': [ '27.5.1' ],
28 silly audit   '@jest/environment': [ '27.5.1' ],
28 silly audit   '@jest/fake-timers': [ '27.5.1' ],
28 silly audit   '@jest/globals': [ '27.5.1' ],
28 silly audit   '@jest/reporters': [ '27.5.1' ],
28 silly audit   'source-map': [ '0.6.1', '0.7.6', '0.5.7', '0.8.0-beta.0' ],
28 silly audit   '@jest/schemas': [ '28.1.3' ],
28 silly audit   '@jest/source-map': [ '27.5.1' ],
28 silly audit   '@jest/test-result': [ '27.5.1', '28.1.3' ],
28 silly audit   '@jest/test-sequencer': [ '27.5.1' ],
28 silly audit   '@jest/transform': [ '27.5.1' ],
28 silly audit   '@jest/types': [ '27.5.1', '28.1.3' ],
28 silly audit   '@jridgewell/gen-mapping': [ '0.3.13' ],
28 silly audit   '@jridgewell/remapping': [ '2.3.5' ],
28 silly audit   '@jridgewell/resolve-uri': [ '3.1.2' ],
28 silly audit   '@jridgewell/source-map': [ '0.3.11' ],
28 silly audit   '@jridgewell/sourcemap-codec': [ '1.5.5' ],
28 silly audit   '@jridgewell/trace-mapping': [ '0.3.31' ],
28 silly audit   '@jsonjoy.com/base64': [ '1.1.2' ],
28 silly audit   '@jsonjoy.com/buffers': [ '1.2.1' ],
28 silly audit   '@jsonjoy.com/codegen': [ '1.0.0' ],
28 silly audit   '@jsonjoy.com/json-pack': [ '1.21.0' ],
28 silly audit   '@jsonjoy.com/json-pointer': [ '1.0.2' ],
28 silly audit   '@jsonjoy.com/util': [ '1.9.0' ],
28 silly audit   '@leichtgewicht/ip-codec': [ '2.0.5' ],
28 silly audit   '@manypkg/find-root': [ '1.1.0' ],
28 silly audit   '@types/node': [ '12.20.55', '24.9.2' ],
28 silly audit   '@manypkg/get-packages': [ '1.1.3' ],
28 silly audit   '@motionone/animation': [ '10.18.0' ],
28 silly audit   '@motionone/dom': [ '10.12.0' ],
28 silly audit   '@motionone/easing': [ '10.18.0' ],
28 silly audit   '@motionone/generators': [ '10.18.0' ],
28 silly audit   '@motionone/types': [ '10.17.1' ],
28 silly audit   '@motionone/utils': [ '10.18.0' ],
28 silly audit   '@mui/base': [ '5.0.0-beta.40-1' ],
28 silly audit   '@mui/core-downloads-tracker': [ '5.18.0' ],
28 silly audit   '@mui/icons-material': [ '5.18.0' ],
28 silly audit   '@mui/lab': [ '5.0.0-alpha.177' ],
28 silly audit   '@mui/material': [ '5.18.0' ],
28 silly audit   '@mui/private-theming': [ '5.17.1' ],
28 silly audit   '@mui/styled-engine': [ '5.18.0' ],
28 silly audit   '@mui/system': [ '5.18.0' ],
28 silly audit   '@mui/types': [ '7.2.24' ],
28 silly audit   '@mui/utils': [ '5.17.1' ],
28 silly audit   '@mui/x-data-grid': [ '6.20.4' ],
28 silly audit   '@mui/x-date-pickers': [ '7.29.4' ],
28 silly audit   '@mui/x-internals': [ '7.29.0' ],
28 silly audit   '@nicolo-ribaudo/eslint-scope-5-internals': [ '5.1.1-v1' ],
28 silly audit   '@nodelib/fs.scandir': [ '2.1.5' ],
28 silly audit   '@nodelib/fs.stat': [ '2.0.5' ],
28 silly audit   '@nodelib/fs.walk': [ '1.2.8' ],
28 silly audit   '@parcel/watcher': [ '2.5.1' ],
28 silly audit   '@parcel/watcher-android-arm64': [ '2.5.1' ],
28 silly audit   '@parcel/watcher-darwin-arm64': [ '2.5.1' ],
28 silly audit   '@parcel/watcher-darwin-x64': [ '2.5.1' ],
28 silly audit   '@parcel/watcher-freebsd-x64': [ '2.5.1' ],
28 silly audit   '@parcel/watcher-linux-arm-glibc': [ '2.5.1' ],
28 silly audit   '@parcel/watcher-linux-arm-musl': [ '2.5.1' ],
28 silly audit   '@parcel/watcher-linux-arm64-glibc': [ '2.5.1' ],
28 silly audit   '@parcel/watcher-linux-arm64-musl': [ '2.5.1' ],
28 silly audit   '@parcel/watcher-linux-x64-glibc': [ '2.5.1' ],
28 silly audit   '@parcel/watcher-linux-x64-musl': [ '2.5.1' ],
28 silly audit   '@parcel/watcher-win32-arm64': [ '2.5.1' ],
28 silly audit   '@parcel/watcher-win32-ia32': [ '2.5.1' ],
28 silly audit   '@parcel/watcher-win32-x64': [ '2.5.1' ],
28 silly audit   '@pkgjs/parseargs': [ '0.11.0' ],
28 silly audit   '@pmmmwh/react-refresh-webpack-plugin': [ '0.5.17' ],
28 silly audit   '@popperjs/core': [ '2.11.8' ],
28 silly audit   '@reduxjs/toolkit': [ '2.9.2' ],
28 silly audit   immer: [ '10.2.0', '9.0.21' ],
28 silly audit   redux: [ '5.0.1', '4.2.1' ],
28 silly audit   'redux-thunk': [ '3.1.0' ],
28 silly audit   reselect: [ '5.1.1', '4.1.8' ],
28 silly audit   '@rollup/plugin-babel': [ '5.3.1' ],
28 silly audit   '@rollup/plugin-node-resolve': [ '11.2.1' ],
28 silly audit   '@rollup/plugin-replace': [ '2.4.2' ],
28 silly audit   '@rollup/pluginutils': [ '3.1.0' ],
28 silly audit   '@types/estree': [ '0.0.39', '1.0.8' ],
28 silly audit   '@rtsao/scc': [ '1.1.0' ],
28 silly audit   '@rushstack/eslint-patch': [ '1.14.1' ],
28 silly audit   '@sinclair/typebox': [ '0.24.51' ],
28 silly audit   '@sinonjs/commons': [ '1.8.6' ],
28 silly audit   '@sinonjs/fake-timers': [ '8.1.0' ],
28 silly audit   '@standard-schema/spec': [ '1.0.0' ],
28 silly audit   '@standard-schema/utils': [ '0.3.0' ],
28 silly audit   '@surma/rollup-plugin-off-main-thread': [ '2.2.3' ],
28 silly audit   '@svgdotjs/svg.draggable.js': [ '3.0.6' ],
28 silly audit   '@svgdotjs/svg.filter.js': [ '3.0.9' ],
28 silly audit   '@svgdotjs/svg.js': [ '3.2.5' ],
28 silly audit   '@svgdotjs/svg.resize.js': [ '2.0.5' ],
28 silly audit   '@svgdotjs/svg.select.js': [ '4.0.3' ],
28 silly audit   '@svgr/babel-plugin-add-jsx-attribute': [ '8.0.0' ],
28 silly audit   '@svgr/babel-plugin-remove-jsx-attribute': [ '8.0.0' ],
28 silly audit   '@svgr/babel-plugin-remove-jsx-empty-expression': [ '8.0.0' ],
28 silly audit   '@svgr/babel-plugin-replace-jsx-attribute-value': [ '8.0.0' ],
28 silly audit   '@svgr/babel-plugin-svg-dynamic-title': [ '8.0.0' ],
28 silly audit   '@svgr/babel-plugin-svg-em-dimensions': [ '8.0.0' ],
28 silly audit   '@svgr/babel-plugin-transform-react-native-svg': [ '8.1.0' ],
28 silly audit   '@svgr/babel-plugin-transform-svg-component': [ '8.0.0' ],
28 silly audit   '@svgr/babel-preset': [ '8.1.0' ],
28 silly audit   '@svgr/core': [ '8.1.0' ],
28 silly audit   '@svgr/hast-util-to-babel-ast': [ '8.0.0' ],
28 silly audit   '@svgr/plugin-jsx': [ '8.1.0' ],
28 silly audit   '@svgr/plugin-svgo': [ '8.1.0' ],
28 silly audit   '@svgr/webpack': [ '8.1.0' ],
28 silly audit   '@tabler/icons': [ '3.35.0' ],
28 silly audit   '@toastdotdev/lib': [ '0.0.1' ],
28 silly audit   '@toastdotdev/lib-darwin-arm64': [ '0.0.1' ],
28 silly audit   '@toastdotdev/lib-darwin-x64': [ '0.0.1' ],
28 silly audit   '@toastdotdev/lib-linux-x64-gnu': [ '0.0.1' ],
28 silly audit   '@toastdotdev/lib-win32-x64-msvc': [ '0.0.1' ],
28 silly audit   '@tootallnate/once': [ '1.1.2' ],
28 silly audit   '@trysound/sax': [ '0.2.0' ],
28 silly audit   '@types/babel__core': [ '7.20.5' ],
28 silly audit   '@types/babel__generator': [ '7.27.0' ],
28 silly audit   '@types/babel__template': [ '7.4.4' ],
28 silly audit   '@types/babel__traverse': [ '7.28.0' ],
28 silly audit   '@types/body-parser': [ '1.19.6' ],
28 silly audit   '@types/bonjour': [ '3.5.13' ],
28 silly audit   '@types/connect': [ '3.4.38' ],
28 silly audit   '@types/connect-history-api-fallback': [ '1.5.4' ],
28 silly audit   '@types/d3-array': [ '3.2.2' ],
28 silly audit   '@types/d3-color': [ '3.1.3' ],
28 silly audit   '@types/d3-ease': [ '3.0.2' ],
28 silly audit   '@types/d3-interpolate': [ '3.0.4' ],
28 silly audit   '@types/d3-path': [ '3.1.1' ],
28 silly audit   '@types/d3-scale': [ '4.0.9' ],
28 silly audit   '@types/d3-shape': [ '3.1.7' ],
28 silly audit   '@types/d3-time': [ '3.0.4' ],
28 silly audit   '@types/d3-timer': [ '3.0.2' ],
28 silly audit   '@types/eslint': [ '8.56.12' ],
28 silly audit   '@types/eslint-scope': [ '3.7.7' ],
28 silly audit   '@types/express': [ '4.17.25' ],
28 silly audit   '@types/express-serve-static-core': [ '4.19.7' ],
28 silly audit   '@types/graceful-fs': [ '4.1.9' ],
28 silly audit   '@types/hoist-non-react-statics': [ '3.3.7' ],
28 silly audit   '@types/html-minifier-terser': [ '6.1.0' ],
28 silly audit   '@types/http-errors': [ '2.0.5' ],
28 silly audit   '@types/http-proxy': [ '1.17.17' ],
28 silly audit   '@types/istanbul-lib-coverage': [ '2.0.6' ],
28 silly audit   '@types/istanbul-lib-report': [ '3.0.3' ],
28 silly audit   '@types/istanbul-reports': [ '3.0.4' ],
28 silly audit   '@types/json-schema': [ '7.0.15' ],
28 silly audit   '@types/json5': [ '0.0.29' ],
28 silly audit   '@types/lodash': [ '4.17.20' ],
28 silly audit   '@types/mime': [ '1.3.5' ],
28 silly audit   '@types/node-forge': [ '1.3.14' ],
28 silly audit   '@types/pako': [ '2.0.4' ],
28 silly audit   '@types/parse-json': [ '4.0.2' ],
28 silly audit   '@types/prettier': [ '2.7.3' ],
28 silly audit   '@types/prop-types': [ '15.7.15' ],
28 silly audit   '@types/qs': [ '6.14.0' ],
28 silly audit   '@types/raf': [ '3.4.3' ],
28 silly audit   '@types/range-parser': [ '1.2.7' ],
28 silly audit   '@types/react': [ '18.3.26' ],
28 silly audit   '@types/react-transition-group': [ '4.4.12' ],
28 silly audit   '@types/resolve': [ '1.17.1' ],
28 silly audit   '@types/retry': [ '0.12.2' ],
28 silly audit   '@types/semver': [ '7.7.1' ],
28 silly audit   '@types/send': [ '1.2.1', '0.17.6' ],
28 silly audit   '@types/serve-index': [ '1.9.4' ],
28 silly audit   '@types/serve-static': [ '1.15.10' ],
28 silly audit   '@types/sockjs': [ '0.3.36' ],
28 silly audit   '@types/stack-utils': [ '2.0.3' ],
28 silly audit   '@types/trusted-types': [ '2.0.7' ],
28 silly audit   '@types/use-sync-external-store': [ '0.0.3' ],
28 silly audit   '@types/ws': [ '8.18.1' ],
28 silly audit   '@types/yargs': [ '16.0.10', '17.0.34' ],
28 silly audit   '@types/yargs-parser': [ '21.0.3' ],
28 silly audit   '@typescript-eslint/eslint-plugin': [ '5.62.0' ],
28 silly audit   '@typescript-eslint/experimental-utils': [ '5.62.0' ],
28 silly audit   '@typescript-eslint/parser': [ '5.62.0' ],
28 silly audit   '@typescript-eslint/scope-manager': [ '5.62.0' ],
28 silly audit   '@typescript-eslint/type-utils': [ '5.62.0' ],
28 silly audit   '@typescript-eslint/types': [ '5.62.0' ],
28 silly audit   '@typescript-eslint/typescript-estree': [ '5.62.0' ],
28 silly audit   '@typescript-eslint/utils': [ '5.62.0' ],
28 silly audit   '@typescript-eslint/visitor-keys': [ '5.62.0' ],
28 silly audit   '@ungap/structured-clone': [ '1.3.0' ],
28 silly audit   '@webassemblyjs/ast': [ '1.14.1' ],
28 silly audit   '@webassemblyjs/floating-point-hex-parser': [ '1.13.2' ],
28 silly audit   '@webassemblyjs/helper-api-error': [ '1.13.2' ],
28 silly audit   '@webassemblyjs/helper-buffer': [ '1.14.1' ],
28 silly audit   '@webassemblyjs/helper-numbers': [ '1.13.2' ],
28 silly audit   '@webassemblyjs/helper-wasm-bytecode': [ '1.13.2' ],
28 silly audit   '@webassemblyjs/helper-wasm-section': [ '1.14.1' ],
28 silly audit   '@webassemblyjs/ieee754': [ '1.13.2' ],
28 silly audit   '@webassemblyjs/leb128': [ '1.13.2' ],
28 silly audit   '@webassemblyjs/utf8': [ '1.13.2' ],
28 silly audit   '@webassemblyjs/wasm-edit': [ '1.14.1' ],
28 silly audit   '@webassemblyjs/wasm-gen': [ '1.14.1' ],
28 silly audit   '@webassemblyjs/wasm-opt': [ '1.14.1' ],
28 silly audit   '@webassemblyjs/wasm-parser': [ '1.14.1' ],
28 silly audit   '@webassemblyjs/wast-printer': [ '1.14.1' ],
28 silly audit   '@xtuc/ieee754': [ '1.2.0' ],
28 silly audit   '@xtuc/long': [ '4.2.2' ],
28 silly audit   '@yr/monotone-cubic-spline': [ '1.0.3' ],
28 silly audit   abab: [ '2.0.6' ],
28 silly audit   accepts: [ '1.3.8' ],
28 silly audit   negotiator: [ '0.6.3', '0.6.4' ],
28 silly audit   acorn: [ '8.15.0', '7.4.1' ],
28 silly audit   'acorn-globals': [ '6.0.0' ],
28 silly audit   'acorn-import-phases': [ '1.0.4' ],
28 silly audit   'acorn-jsx': [ '5.3.2' ],
28 silly audit   'acorn-walk': [ '7.2.0' ],
28 silly audit   address: [ '1.2.2' ],
28 silly audit   'adjust-sourcemap-loader': [ '4.0.0' ],
28 silly audit   'agent-base': [ '6.0.2' ],
28 silly audit   ajv: [ '6.12.6', '8.17.1' ],
28 silly audit   'ajv-formats': [ '2.1.1' ],
28 silly audit   'json-schema-traverse': [ '1.0.0', '0.4.1' ],
28 silly audit   'ajv-keywords': [ '3.5.2', '5.1.0' ],
28 silly audit   'ansi-colors': [ '4.1.3' ],
28 silly audit   'ansi-escapes': [ '4.3.2' ],
28 silly audit   'type-fest': [ '0.21.3', '0.16.0', '0.20.2' ],
28 silly audit   'ansi-html': [ '0.0.9' ],
28 silly audit   'ansi-html-community': [ '0.0.8' ],
28 silly audit   'any-promise': [ '1.3.0' ],
28 silly audit   anymatch: [ '3.1.3' ],
28 silly audit   apexcharts: [ '4.7.0' ],
28 silly audit   arg: [ '5.0.2' ],
28 silly audit   'aria-query': [ '5.3.2' ],
28 silly audit   'array-buffer-byte-length': [ '1.0.2' ],
28 silly audit   'array-flatten': [ '1.1.1' ],
28 silly audit   'array-includes': [ '3.1.9' ],
28 silly audit   'array-union': [ '2.1.0' ],
28 silly audit   'array.prototype.findlast': [ '1.2.5' ],
28 silly audit   'array.prototype.findlastindex': [ '1.2.6' ],
28 silly audit   'array.prototype.flat': [ '1.3.3' ],
28 silly audit   'array.prototype.flatmap': [ '1.3.3' ],
28 silly audit   'array.prototype.tosorted': [ '1.1.4' ],
28 silly audit   'arraybuffer.prototype.slice': [ '1.0.4' ],
28 silly audit   asap: [ '2.0.6' ],
28 silly audit   'ast-types-flow': [ '0.0.8' ],
28 silly audit   async: [ '3.2.6' ],
28 silly audit   'async-function': [ '1.0.0' ],
28 silly audit   asynckit: [ '0.4.0' ],
28 silly audit   'at-least-node': [ '1.0.0' ],
28 silly audit   autoprefixer: [ '10.4.21' ],
28 silly audit   'available-typed-arrays': [ '1.0.7' ],
28 silly audit   'axe-core': [ '4.11.0' ],
28 silly audit   axios: [ '1.13.1' ],
28 silly audit   'axobject-query': [ '4.1.0' ],
28 silly audit   'babel-jest': [ '27.5.1' ],
28 silly audit   'babel-loader': [ '8.4.1' ],
28 silly audit   'schema-utils': [ '2.7.1', '3.3.0', '2.7.0', '4.3.3' ],
28 silly audit   'babel-plugin-istanbul': [ '6.1.1' ],
28 silly audit   'babel-plugin-jest-hoist': [ '27.5.1' ],
28 silly audit   'babel-plugin-macros': [ '3.1.0' ],
28 silly audit   cosmiconfig: [ '7.1.0', '8.3.6', '6.0.0' ],
28 silly audit   'babel-plugin-named-asset-import': [ '0.3.8' ],
28 silly audit   'babel-plugin-polyfill-corejs2': [ '0.4.14' ],
28 silly audit   'babel-plugin-polyfill-corejs3': [ '0.13.0' ],
28 silly audit   'babel-plugin-polyfill-regenerator': [ '0.6.5' ],
28 silly audit   'babel-plugin-transform-react-remove-prop-types': [ '0.4.24' ],
28 silly audit   'babel-preset-current-node-syntax': [ '1.2.0' ],
28 silly audit   'babel-preset-jest': [ '27.5.1' ],
28 silly audit   'babel-preset-react-app': [ '10.1.0' ],
28 silly audit   'balanced-match': [ '1.0.2' ],
28 silly audit   'base64-arraybuffer': [ '1.0.2' ],
28 silly audit   'baseline-browser-mapping': [ '2.8.20' ],
28 silly audit   batch: [ '0.6.1' ],
28 silly audit   'better-path-resolve': [ '1.0.0' ],
28 silly audit   bfj: [ '7.1.0' ],
28 silly audit   'big.js': [ '5.2.2' ],
28 silly audit   'binary-extensions': [ '2.3.0' ],
28 silly audit   bluebird: [ '3.7.2' ],
28 silly audit   'body-parser': [ '1.20.3' ],
28 silly audit   debug: [ '2.6.9', '4.4.3', '3.2.7' ],
28 silly audit   ms: [ '2.0.0', '2.1.3' ],
28 silly audit   'bonjour-service': [ '1.3.0' ],
28 silly audit   boolbase: [ '1.0.0' ],
28 silly audit   'brace-expansion': [ '1.1.12', '2.0.2' ],
28 silly audit   braces: [ '3.0.3' ],
28 silly audit   'browser-process-hrtime': [ '1.0.0' ],
28 silly audit   browserslist: [ '4.27.0' ],
28 silly audit   bser: [ '2.1.1' ],
28 silly audit   'buffer-from': [ '1.1.2' ],
28 silly audit   'builtin-modules': [ '3.3.0' ],
28 silly audit   'bundle-name': [ '4.1.0' ],
28 silly audit   bytes: [ '3.1.2' ],
28 silly audit   cac: [ '6.7.12' ],
28 silly audit   'call-bind': [ '1.0.8' ],
28 silly audit   'call-bind-apply-helpers': [ '1.0.2' ],
28 silly audit   'call-bound': [ '1.0.4' ],
28 silly audit   callsites: [ '3.1.0' ],
28 silly audit   'camel-case': [ '4.1.2' ],
28 silly audit   'camelcase-css': [ '2.0.1' ],
28 silly audit   'caniuse-api': [ '3.0.0' ],
28 silly audit   'caniuse-lite': [ '1.0.30001751' ],
28 silly audit   canvg: [ '3.0.11' ],
28 silly audit   'case-sensitive-paths-webpack-plugin': [ '2.4.0' ],
28 silly audit   chalk: [ '4.1.2' ],
28 silly audit   'char-regex': [ '1.0.2', '2.0.2' ],
28 silly audit   chardet: [ '2.1.0' ],
28 silly audit   'check-types': [ '11.2.3' ],
28 silly audit   chokidar: [ '3.6.0', '4.0.3' ],
28 silly audit   'glob-parent': [ '5.1.2', '6.0.2' ],
28 silly audit   'chrome-trace-event': [ '1.0.4' ],
28 silly audit   'ci-info': [ '3.9.0' ],
28 silly audit   'cjs-module-lexer': [ '1.4.3' ],
28 silly audit   classnames: [ '2.5.1' ],
28 silly audit   'clean-css': [ '5.3.3' ],
28 silly audit   cliui: [ '7.0.4' ],
28 silly audit   clsx: [ '2.1.1', '1.2.1' ],
28 silly audit   co: [ '4.6.0' ],
28 silly audit   'collect-v8-coverage': [ '1.0.3' ],
28 silly audit   'color-convert': [ '2.0.1' ],
28 silly audit   'color-name': [ '1.1.4' ],
28 silly audit   colord: [ '2.9.3' ],
28 silly audit   colorette: [ '2.0.20' ],
28 silly audit   'combined-stream': [ '1.0.8' ],
28 silly audit   commander: [ '8.3.0', '7.2.0', '4.1.1', '2.20.3' ],
28 silly audit   'common-tags': [ '1.8.2' ],
28 silly audit   commondir: [ '1.0.1' ],
28 silly audit   compressible: [ '2.0.18' ],
28 silly audit   compression: [ '1.8.1' ],
28 silly audit   'concat-map': [ '0.0.1' ],
28 silly audit   'confusing-browser-globals': [ '1.0.11' ],
28 silly audit   'connect-history-api-fallback': [ '2.0.0' ],
28 silly audit   'content-disposition': [ '0.5.4' ],
28 silly audit   'content-type': [ '1.0.5' ],
28 silly audit   cookie: [ '0.7.1' ],
28 silly audit   'cookie-signature': [ '1.0.6' ],
28 silly audit   'core-js': [ '3.46.0' ],
28 silly audit   'core-js-compat': [ '3.46.0' ],
28 silly audit   'core-js-pure': [ '3.46.0' ],
28 silly audit   'core-util-is': [ '1.0.3' ],
28 silly audit   'country-state-city': [ '3.2.1' ],
28 silly audit   'cross-spawn': [ '7.0.6' ],
28 silly audit   'crypto-js': [ '4.2.0' ],
28 silly audit   'crypto-random-string': [ '2.0.0' ],
28 silly audit   'css-blank-pseudo': [ '3.0.3' ],
28 silly audit   'css-declaration-sorter': [ '6.4.1' ],
28 silly audit   'css-has-pseudo': [ '3.0.4' ],
28 silly audit   'css-line-break': [ '2.1.0' ],
28 silly audit   'css-loader': [ '6.11.0' ],
28 silly audit   'css-minimizer-webpack-plugin': [ '3.4.1' ],
28 silly audit   'css-prefers-color-scheme': [ '6.0.3' ],
28 silly audit   'css-select': [ '4.3.0', '5.2.2' ],
28 silly audit   'css-tree': [ '2.3.1', '2.2.1', '1.1.3' ],
28 silly audit   'css-what': [ '6.2.2' ],
28 silly audit   cssdb: [ '7.11.2' ],
28 silly audit   cssesc: [ '3.0.0' ],
28 silly audit   cssnano: [ '5.1.15' ],
28 silly audit   'cssnano-preset-default': [ '5.2.14' ],
28 silly audit   'cssnano-utils': [ '3.1.0' ],
28 silly audit   csso: [ '5.0.5', '4.2.0' ],
28 silly audit   'mdn-data': [ '2.0.28', '2.0.30', '2.0.14' ],
28 silly audit   cssom: [ '0.4.4', '0.3.8' ],
28 silly audit   cssstyle: [ '2.3.0' ],
28 silly audit   csstype: [ '3.1.3' ],
28 silly audit   'd3-array': [ '3.2.4' ],
28 silly audit   'd3-color': [ '3.1.0' ],
28 silly audit   'd3-ease': [ '3.0.1' ],
28 silly audit   'd3-format': [ '3.1.0' ],
28 silly audit   'd3-interpolate': [ '3.0.1' ],
28 silly audit   'd3-path': [ '3.1.0' ],
28 silly audit   'd3-scale': [ '4.0.2' ],
28 silly audit   'd3-shape': [ '3.2.0' ],
28 silly audit   'd3-time': [ '3.1.0' ],
28 silly audit   'd3-time-format': [ '4.1.0' ],
28 silly audit   'd3-timer': [ '3.0.1' ],
28 silly audit   'damerau-levenshtein': [ '1.0.8' ],
28 silly audit   'data-urls': [ '2.0.0' ],
28 silly audit   'data-view-buffer': [ '1.0.2' ],
28 silly audit   'data-view-byte-length': [ '1.0.2' ],
28 silly audit   'data-view-byte-offset': [ '1.0.1' ],
28 silly audit   'date-fns': [ '3.6.0' ],
28 silly audit   dayjs: [ '1.11.18' ],
28 silly audit   'decimal.js': [ '10.6.0' ],
28 silly audit   'decimal.js-light': [ '2.5.1' ],
28 silly audit   dedent: [ '0.7.0' ],
28 silly audit   'deep-is': [ '0.1.4' ],
28 silly audit   deepmerge: [ '4.3.1', '2.2.1' ],
28 silly audit   'default-browser': [ '5.2.1' ],
28 silly audit   'default-browser-id': [ '5.0.0' ],
28 silly audit   'define-data-property': [ '1.1.4' ],
28 silly audit   'define-lazy-prop': [ '2.0.0', '3.0.0' ],
28 silly audit   'define-properties': [ '1.2.1' ],
28 silly audit   'delayed-stream': [ '1.0.0' ],
28 silly audit   depd: [ '2.0.0', '1.1.2' ],
28 silly audit   destroy: [ '1.2.0' ],
28 silly audit   'detect-indent': [ '6.1.0' ],
28 silly audit   'detect-libc': [ '1.0.3' ],
28 silly audit   'detect-newline': [ '3.1.0' ],
28 silly audit   'detect-node': [ '2.1.0' ],
28 silly audit   'detect-port-alt': [ '1.1.6' ],
28 silly audit   didyoumean: [ '1.2.2' ],
28 silly audit   'diff-sequences': [ '27.5.1' ],
28 silly audit   'dir-glob': [ '3.0.1' ],
28 silly audit   dlv: [ '1.1.3' ],
28 silly audit   'dns-packet': [ '5.6.1' ],
28 silly audit   doctrine: [ '3.0.0', '2.1.0' ],
28 silly audit   'dom-converter': [ '0.2.0' ],
28 silly audit   'dom-helpers': [ '5.2.1' ],
28 silly audit   'dom-serializer': [ '1.4.1', '2.0.0' ],
28 silly audit   entities: [ '2.2.0', '4.5.0' ],
28 silly audit   domelementtype: [ '2.3.0' ],
28 silly audit   domexception: [ '2.0.1' ],
28 silly audit   'webidl-conversions': [ '5.0.0', '6.1.0', '4.0.2' ],
28 silly audit   domhandler: [ '4.3.1', '5.0.3' ],
28 silly audit   dompurify: [ '3.3.0' ],
28 silly audit   domutils: [ '2.8.0', '3.2.2' ],
28 silly audit   'dot-case': [ '3.0.4' ],
28 silly audit   dotenv: [ '10.0.0' ],
28 silly audit   'dotenv-expand': [ '5.1.0' ],
28 silly audit   'dunder-proto': [ '1.0.1' ],
28 silly audit   duplexer: [ '0.1.2' ],
28 silly audit   eastasianwidth: [ '0.2.0' ],
28 silly audit   'ee-first': [ '1.1.1' ],
28 silly audit   ejs: [ '3.1.10' ],
28 silly audit   'electron-to-chromium': [ '1.5.243' ],
28 silly audit   emittery: [ '0.8.1', '0.10.2' ],
28 silly audit   'emoji-regex': [ '9.2.2', '8.0.0' ],
28 silly audit   'emojis-list': [ '3.0.0' ],
28 silly audit   encodeurl: [ '2.0.0', '1.0.2' ],
28 silly audit   'enhanced-resolve': [ '5.18.3' ],
28 silly audit   enquirer: [ '2.4.1' ],
28 silly audit   'error-ex': [ '1.3.4' ],
28 silly audit   'error-stack-parser': [ '2.1.4' ],
28 silly audit   'es-abstract': [ '1.24.0' ],
28 silly audit   'es-define-property': [ '1.0.1' ],
28 silly audit   'es-errors': [ '1.3.0' ],
28 silly audit   'es-iterator-helpers': [ '1.2.1' ],
28 silly audit   'es-module-lexer': [ '1.7.0' ],
28 silly audit   'es-object-atoms': [ '1.1.1' ],
28 silly audit   'es-set-tostringtag': [ '2.1.0' ],
28 silly audit   'es-shim-unscopables': [ '1.1.0' ],
28 silly audit   'es-to-primitive': [ '1.3.0' ],
28 silly audit   'es-toolkit': [ '1.41.0' ],
28 silly audit   escalade: [ '3.2.0' ],
28 silly audit   'escape-html': [ '1.0.3' ],
28 silly audit   'escape-string-regexp': [ '4.0.0', '2.0.0' ],
28 silly audit   escodegen: [ '2.1.0', '1.14.3' ],
28 silly audit   eslint: [ '8.57.1' ],
28 silly audit   'eslint-config-prettier': [ '8.10.2' ],
28 silly audit   'eslint-config-react-app': [ '7.0.1' ],
28 silly audit   'eslint-import-resolver-node': [ '0.3.9' ],
28 silly audit   'eslint-module-utils': [ '2.12.1' ],
28 silly audit   'eslint-plugin-flowtype': [ '8.0.3' ],
28 silly audit   'eslint-plugin-import': [ '2.32.0' ],
28 silly audit   'eslint-plugin-jest': [ '25.7.0' ],
28 silly audit   'eslint-plugin-jsx-a11y': [ '6.10.2' ],
28 silly audit   'eslint-plugin-prettier': [ '4.2.5' ],
28 silly audit   'eslint-plugin-react': [ '7.37.5' ],
28 silly audit   'eslint-plugin-react-hooks': [ '4.6.2' ],
28 silly audit   resolve: [ '2.0.0-next.5', '1.22.11' ],
28 silly audit   'eslint-plugin-testing-library': [ '5.11.1' ],
28 silly audit   'eslint-scope': [ '5.1.1', '7.2.2' ],
28 silly audit   estraverse: [ '4.3.0', '5.3.0' ],
28 silly audit   'eslint-webpack-plugin': [ '3.2.0' ],
28 silly audit   'jest-worker': [ '28.1.3', '27.5.1', '26.6.2' ],
28 silly audit   'supports-color': [ '8.1.1', '7.2.0' ],
28 silly audit   'find-up': [ '5.0.0', '4.1.0', '3.0.0' ],
28 silly audit   'locate-path': [ '6.0.0', '5.0.0', '3.0.0' ],
28 silly audit   'p-limit': [ '3.1.0', '2.3.0' ],
28 silly audit   'p-locate': [ '5.0.0', '4.1.0', '3.0.0' ],
28 silly audit   espree: [ '9.6.1' ],
28 silly audit   esprima: [ '4.0.1', '1.2.2' ],
28 silly audit   esquery: [ '1.6.0' ],
28 silly audit   esrecurse: [ '4.3.0' ],
28 silly audit   'estree-walker': [ '1.0.1' ],
28 silly audit   esutils: [ '2.0.3' ],
28 silly audit   etag: [ '1.8.1' ],
28 silly audit   eventemitter3: [ '5.0.1', '4.0.7' ],
28 silly audit   events: [ '3.3.0' ],
28 silly audit   execa: [ '5.1.1' ],
28 silly audit   exit: [ '0.1.2' ],
28 silly audit   expect: [ '27.5.1' ],
28 silly audit   express: [ '4.21.2' ],
28 silly audit   'extendable-error': [ '0.1.7' ],
28 silly audit   'fast-deep-equal': [ '3.1.3' ],
28 silly audit   'fast-diff': [ '1.3.0' ],
28 silly audit   'fast-glob': [ '3.3.3' ],
28 silly audit   'fast-json-stable-stringify': [ '2.1.0' ],
28 silly audit   'fast-levenshtein': [ '2.0.6' ],
28 silly audit   'fast-png': [ '6.4.0' ],
28 silly audit   'fast-uri': [ '3.1.0' ],
28 silly audit   fastq: [ '1.19.1' ],
28 silly audit   'faye-websocket': [ '0.11.4' ],
28 silly audit   'fb-watchman': [ '2.0.2' ],
28 silly audit   fflate: [ '0.8.2' ],
28 silly audit   'file-entry-cache': [ '6.0.1' ],
28 silly audit   'file-loader': [ '6.2.0' ],
28 silly audit   filelist: [ '1.0.4' ],
28 silly audit   minimatch: [ '5.1.6', '3.1.2', '9.0.5' ],
28 silly audit   filesize: [ '8.0.7' ],
28 silly audit   'fill-range': [ '7.1.1' ],
28 silly audit   finalhandler: [ '1.3.1' ],
28 silly audit   'find-cache-dir': [ '3.3.2' ],
28 silly audit   'find-root': [ '1.1.0' ],
28 silly audit   'flat-cache': [ '3.2.0' ],
28 silly audit   flatted: [ '3.3.3' ],
28 silly audit   'follow-redirects': [ '1.15.11' ],
28 silly audit   'for-each': [ '0.3.5' ],
28 silly audit   'foreground-child': [ '3.3.1' ],
28 silly audit   'signal-exit': [ '4.1.0', '3.0.7' ],
28 silly audit   'fork-ts-checker-webpack-plugin': [ '6.5.3' ],
28 silly audit   tapable: [ '1.1.3', '2.3.0' ],
28 silly audit   'form-data': [ '4.0.4', '3.0.4' ],
28 silly audit   formik: [ '2.4.6' ],
28 silly audit   forwarded: [ '0.2.0' ],
28 silly audit   'fraction.js': [ '4.3.7' ],
28 silly audit   'framer-motion': [ '6.5.1' ],
28 silly audit   framesync: [ '6.0.1' ],
28 silly audit   fresh: [ '0.5.2' ],
28 silly audit   'fs-monkey': [ '1.1.0' ],
28 silly audit   'fs.realpath': [ '1.0.0' ],
28 silly audit   fsevents: [ '2.3.3' ],
28 silly audit   'function-bind': [ '1.1.2' ],
28 silly audit   'function.prototype.name': [ '1.1.8' ],
28 silly audit   'functions-have-names': [ '1.2.3' ],
28 silly audit   'generator-function': [ '2.0.1' ],
28 silly audit   gensync: [ '1.0.0-beta.2' ],
28 silly audit   'get-caller-file': [ '2.0.5' ],
28 silly audit   'get-intrinsic': [ '1.3.0' ],
28 silly audit   'get-own-enumerable-property-symbols': [ '3.0.2' ],
28 silly audit   'get-package-type': [ '0.1.0' ],
28 silly audit   'get-proto': [ '1.0.1' ],
28 silly audit   'get-stream': [ '6.0.1' ],
28 silly audit   'get-symbol-description': [ '1.1.0' ],
28 silly audit   glob: [ '7.2.3', '10.4.5' ],
28 silly audit   'glob-to-regex.js': [ '1.2.0' ],
28 silly audit   'glob-to-regexp': [ '0.4.1' ],
28 silly audit   'global-modules': [ '2.0.0' ],
28 silly audit   'global-prefix': [ '3.0.0' ],
28 silly audit   which: [ '1.3.1', '2.0.2' ],
28 silly audit   globals: [ '13.24.0' ],
28 silly audit   globalthis: [ '1.0.4' ],
28 silly audit   globby: [ '11.1.0' ],
28 silly audit   gopd: [ '1.2.0' ],
28 silly audit   'graceful-fs': [ '4.2.11' ],
28 silly audit   graphemer: [ '1.4.0' ],
28 silly audit   'gzip-size': [ '6.0.0' ],
28 silly audit   'handle-thing': [ '2.0.1' ],
28 silly audit   'harmony-reflect': [ '1.6.2' ],
28 silly audit   'has-bigints': [ '1.1.0' ],
28 silly audit   'has-flag': [ '4.0.0' ],
28 silly audit   'has-property-descriptors': [ '1.0.2' ],
28 silly audit   'has-proto': [ '1.2.0' ],
28 silly audit   'has-symbols': [ '1.1.0' ],
28 silly audit   'has-tostringtag': [ '1.0.2' ],
28 silly audit   hasown: [ '2.0.2' ],
28 silly audit   he: [ '1.2.0' ],
28 silly audit   'hey-listen': [ '1.0.8' ],
28 silly audit   history: [ '5.3.0' ],
28 silly audit   'hoist-non-react-statics': [ '3.3.2' ],
28 silly audit   'react-is': [ '16.13.1', '18.3.1', '17.0.2', '19.2.0' ],
28 silly audit   hoopy: [ '0.1.4' ],
28 silly audit   'hpack.js': [ '2.1.6' ],
28 silly audit   isarray: [ '1.0.0', '2.0.5' ],
28 silly audit   'readable-stream': [ '2.3.8', '3.6.2' ],
28 silly audit   'safe-buffer': [ '5.1.2', '5.2.1' ],
28 silly audit   string_decoder: [ '1.1.1', '1.3.0' ],
28 silly audit   'html-encoding-sniffer': [ '2.0.1' ],
28 silly audit   'html-entities': [ '2.6.0' ],
28 silly audit   'html-escaper': [ '2.0.2' ],
28 silly audit   'html-minifier-terser': [ '6.1.0' ],
28 silly audit   'html-webpack-plugin': [ '5.6.4' ],
28 silly audit   html2canvas: [ '1.4.1' ],
28 silly audit   htmlparser2: [ '6.1.0' ],
28 silly audit   'http-deceiver': [ '1.2.7' ],
28 silly audit   'http-errors': [ '2.0.0', '1.6.3' ],
28 silly audit   'http-parser-js': [ '0.5.10' ],
28 silly audit   'http-proxy': [ '1.18.1' ],
28 silly audit   'http-proxy-agent': [ '4.0.1' ],
28 silly audit   'http-proxy-middleware': [ '2.0.9' ],
28 silly audit   'https-proxy-agent': [ '5.0.1' ],
28 silly audit   'human-id': [ '4.1.2' ],
28 silly audit   'human-signals': [ '2.1.0' ],
28 silly audit   hyperdyperid: [ '1.2.0' ],
28 silly audit   'icss-utils': [ '5.1.0' ],
28 silly audit   idb: [ '7.1.1' ],
28 silly audit   'identity-obj-proxy': [ '3.0.0' ],
28 silly audit   ignore: [ '5.3.2' ],
28 silly audit   immutable: [ '4.3.7', '5.1.4' ],
28 silly audit   'import-fresh': [ '3.3.1' ],
28 silly audit   'resolve-from': [ '4.0.0', '5.0.0' ],
28 silly audit   'import-local': [ '3.2.0' ],
28 silly audit   imurmurhash: [ '0.1.4' ],
28 silly audit   inflight: [ '1.0.6' ],
28 silly audit   inherits: [ '2.0.4', '2.0.3' ],
28 silly audit   ini: [ '1.3.8' ],
28 silly audit   'internal-slot': [ '1.1.0' ],
28 silly audit   internmap: [ '2.0.3' ],
28 silly audit   iobuffer: [ '5.4.0' ],
28 silly audit   'ipaddr.js': [ '2.2.0', '1.9.1' ],
28 silly audit   'is-array-buffer': [ '3.0.5' ],
28 silly audit   'is-arrayish': [ '0.2.1' ],
28 silly audit   'is-async-function': [ '2.1.1' ],
28 silly audit   'is-bigint': [ '1.1.0' ],
28 silly audit   'is-binary-path': [ '2.1.0' ],
28 silly audit   'is-boolean-object': [ '1.2.2' ],
28 silly audit   'is-callable': [ '1.2.7' ],
28 silly audit   'is-core-module': [ '2.16.1' ],
28 silly audit   'is-data-view': [ '1.0.2' ],
28 silly audit   'is-date-object': [ '1.1.0' ],
28 silly audit   'is-docker': [ '2.2.1', '3.0.0' ],
28 silly audit   'is-extglob': [ '2.1.1' ],
28 silly audit   'is-finalizationregistry': [ '1.1.1' ],
28 silly audit   'is-fullwidth-code-point': [ '3.0.0' ],
28 silly audit   'is-generator-fn': [ '2.1.0' ],
28 silly audit   'is-generator-function': [ '1.1.2' ],
28 silly audit   'is-glob': [ '4.0.3' ],
28 silly audit   'is-inside-container': [ '1.0.0' ],
28 silly audit   'is-map': [ '2.0.3' ],
28 silly audit   'is-module': [ '1.0.0' ],
28 silly audit   'is-negative-zero': [ '2.0.3' ],
28 silly audit   'is-network-error': [ '1.3.0' ],
28 silly audit   'is-number': [ '7.0.0' ],
28 silly audit   'is-number-object': [ '1.1.1' ],
28 silly audit   'is-obj': [ '1.0.1' ],
28 silly audit   'is-path-inside': [ '3.0.3' ],
28 silly audit   'is-plain-obj': [ '3.0.0' ],
28 silly audit   'is-potential-custom-element-name': [ '1.0.1' ],
28 silly audit   'is-regex': [ '1.2.1' ],
28 silly audit   'is-regexp': [ '1.0.0' ],
28 silly audit   'is-root': [ '2.1.0' ],
28 silly audit   'is-set': [ '2.0.3' ],
28 silly audit   'is-shared-array-buffer': [ '1.0.4' ],
28 silly audit   'is-stream': [ '2.0.1' ],
28 silly audit   'is-string': [ '1.1.1' ],
28 silly audit   'is-subdir': [ '1.2.0' ],
28 silly audit   'is-symbol': [ '1.1.1' ],
28 silly audit   'is-typed-array': [ '1.1.15' ],
28 silly audit   'is-typedarray': [ '1.0.0' ],
28 silly audit   'is-weakmap': [ '2.0.2' ],
28 silly audit   'is-weakref': [ '1.1.1' ],
28 silly audit   'is-weakset': [ '2.0.4' ],
28 silly audit   'is-windows': [ '1.0.2' ],
28 silly audit   'is-wsl': [ '2.2.0', '3.1.0' ],
28 silly audit   isexe: [ '2.0.0' ],
28 silly audit   'istanbul-lib-coverage': [ '3.2.2' ],
28 silly audit   'istanbul-lib-instrument': [ '5.2.1' ],
28 silly audit   'istanbul-lib-report': [ '3.0.1' ],
28 silly audit   'make-dir': [ '4.0.0', '3.1.0' ],
28 silly audit   'istanbul-lib-source-maps': [ '4.0.1' ],
28 silly audit   'istanbul-reports': [ '3.2.0' ],
28 silly audit   'iterator.prototype': [ '1.1.5' ],
28 silly audit   jackspeak: [ '3.4.3' ],
28 silly audit   jake: [ '10.9.4' ],
28 silly audit   jest: [ '27.5.1' ],
28 silly audit   'jest-changed-files': [ '27.5.1' ],
28 silly audit   'jest-circus': [ '27.5.1' ],
28 silly audit   'jest-cli': [ '27.5.1' ],
28 silly audit   'jest-config': [ '27.5.1' ],
28 silly audit   'jest-diff': [ '27.5.1' ],
28 silly audit   'jest-docblock': [ '27.5.1' ],
28 silly audit   'jest-each': [ '27.5.1' ],
28 silly audit   'jest-environment-jsdom': [ '27.5.1' ],
28 silly audit   'jest-environment-node': [ '27.5.1' ],
28 silly audit   'jest-get-type': [ '27.5.1' ],
28 silly audit   'jest-haste-map': [ '27.5.1' ],
28 silly audit   'jest-jasmine2': [ '27.5.1' ],
28 silly audit   'jest-leak-detector': [ '27.5.1' ],
28 silly audit   'jest-matcher-utils': [ '27.5.1' ],
28 silly audit   'jest-message-util': [ '27.5.1', '28.1.3' ],
28 silly audit   'jest-mock': [ '27.5.1' ],
28 silly audit   'jest-pnp-resolver': [ '1.2.3' ],
28 silly audit   'jest-regex-util': [ '27.5.1', '28.0.2' ],
28 silly audit   'jest-resolve': [ '27.5.1' ],
28 silly audit   'jest-resolve-dependencies': [ '27.5.1' ],
28 silly audit   'jest-runner': [ '27.5.1' ],
28 silly audit   'jest-runtime': [ '27.5.1' ],
28 silly audit   'jest-serializer': [ '27.5.1' ],
28 silly audit   'jest-snapshot': [ '27.5.1' ],
28 silly audit   'jest-util': [ '27.5.1', '28.1.3' ],
28 silly audit   'jest-validate': [ '27.5.1' ],
28 silly audit   'jest-watch-typeahead': [ '1.1.0' ],
28 silly audit   slash: [ '3.0.0', '4.0.0' ],
28 silly audit   'jest-watcher': [ '28.1.3', '27.5.1' ],
28 silly audit   'string-length': [ '4.0.2', '5.0.1' ],
28 silly audit   'pretty-format': [ '28.1.3', '3.8.0', '27.5.1' ],
28 silly audit   jiti: [ '1.21.7' ],
28 silly audit   'js-cookie': [ '3.0.5' ],
28 silly audit   'js-tokens': [ '4.0.0' ],
28 silly audit   jsdom: [ '16.7.0' ],
28 silly audit   jsesc: [ '3.1.0' ],
28 silly audit   'json-buffer': [ '3.0.1' ],
28 silly audit   'json-parse-even-better-errors': [ '2.3.1' ],
28 silly audit   'json-schema': [ '0.4.0' ],
28 silly audit   'json-stable-stringify-without-jsonify': [ '1.0.1' ],
28 silly audit   json5: [ '2.2.3', '1.0.2' ],
28 silly audit   jsonpath: [ '1.1.1' ],
28 silly audit   jsonpointer: [ '5.0.1' ],
28 silly audit   jspdf: [ '3.0.3' ],
28 silly audit   'jspdf-autotable': [ '5.0.2' ],
28 silly audit   'jsx-ast-utils': [ '3.3.5' ],
28 silly audit   'jwt-decode': [ '4.0.0' ],
28 silly audit   keyv: [ '4.5.4' ],
28 silly audit   'kind-of': [ '6.0.3' ],
28 silly audit   kleur: [ '3.0.3' ],
28 silly audit   klona: [ '2.0.6' ],
28 silly audit   'language-subtag-registry': [ '0.3.23' ],
28 silly audit   'language-tags': [ '1.0.9' ],
28 silly audit   'launch-editor': [ '2.12.0' ],
28 silly audit   leven: [ '3.1.0' ],
28 silly audit   levn: [ '0.4.1', '0.3.0' ],
28 silly audit   lilconfig: [ '2.1.0', '3.1.3' ],
28 silly audit   'lines-and-columns': [ '1.2.4' ],
28 silly audit   'loader-runner': [ '4.3.1' ],
28 silly audit   'loader-utils': [ '2.0.4', '3.3.1' ],
28 silly audit   lodash: [ '4.17.21' ],
28 silly audit   'lodash-es': [ '4.17.21' ],
28 silly audit   'lodash.debounce': [ '4.0.8' ],
28 silly audit   'lodash.memoize': [ '4.1.2' ],
28 silly audit   'lodash.merge': [ '4.6.2' ],
28 silly audit   'lodash.sortby': [ '4.7.0' ],
28 silly audit   'lodash.startcase': [ '4.4.0' ],
28 silly audit   'lodash.uniq': [ '4.5.0' ],
28 silly audit   'loose-envify': [ '1.4.0' ],
28 silly audit   'lower-case': [ '2.0.2' ],
28 silly audit   'lru-cache': [ '5.1.1', '10.4.3' ],
28 silly audit   'lucide-react': [ '0.539.0' ],
28 silly audit   'magic-string': [ '0.25.9' ],
28 silly audit   makeerror: [ '1.0.12' ],
28 silly audit   'material-ui-popup-state': [ '4.1.0' ],
28 silly audit   'math-intrinsics': [ '1.1.0' ],
28 silly audit   'media-typer': [ '0.3.0' ],
28 silly audit   memfs: [ '3.5.3', '4.50.0' ],
28 silly audit   'merge-descriptors': [ '1.0.3' ],
28 silly audit   'merge-stream': [ '2.0.0' ],
28 silly audit   merge2: [ '1.4.1' ],
28 silly audit   methods: [ '1.1.2' ],
28 silly audit   micromatch: [ '4.0.8' ],
28 silly audit   mime: [ '1.6.0' ],
28 silly audit   'mime-db': [ '1.52.0', '1.54.0' ],
28 silly audit   'mime-types': [ '2.1.35', '3.0.1' ],
28 silly audit   'mimic-fn': [ '2.1.0' ],
28 silly audit   'mini-css-extract-plugin': [ '2.9.4' ],
28 silly audit   'minimalistic-assert': [ '1.0.1' ],
28 silly audit   minimist: [ '1.2.8' ],
28 silly audit   minipass: [ '7.1.2' ],
28 silly audit   'module-alias': [ '2.2.3' ],
28 silly audit   moment: [ '2.30.1' ],
28 silly audit   mri: [ '1.2.0' ],
28 silly audit   'multicast-dns': [ '7.2.5' ],
28 silly audit   mz: [ '2.7.0' ],
28 silly audit   nanoclone: [ '0.2.1' ],
28 silly audit   nanoid: [ '3.3.11' ],
28 silly audit   'natural-compare': [ '1.4.0' ],
28 silly audit   'natural-compare-lite': [ '1.4.0' ],
28 silly audit   'neo-async': [ '2.6.2' ],
28 silly audit   'no-case': [ '3.0.4' ],
28 silly audit   'node-addon-api': [ '7.1.1' ],
28 silly audit   'node-forge': [ '1.3.1' ],
28 silly audit   'node-int64': [ '0.4.0' ],
28 silly audit   'node-releases': [ '2.0.26' ],
28 silly audit   'normalize-path': [ '3.0.0' ],
28 silly audit   'normalize-range': [ '0.1.2' ],
28 silly audit   'normalize-url': [ '6.1.0' ],
28 silly audit   'npm-run-path': [ '4.0.1' ],
28 silly audit   'nth-check': [ '2.1.1' ],
28 silly audit   numeral: [ '2.0.6' ],
28 silly audit   nwsapi: [ '2.2.22' ],
28 silly audit   'object-assign': [ '4.1.1' ],
28 silly audit   'object-hash': [ '3.0.0' ],
28 silly audit   'object-inspect': [ '1.13.4' ],
28 silly audit   'object-keys': [ '1.1.1' ],
28 silly audit   'object.assign': [ '4.1.7' ],
28 silly audit   'object.entries': [ '1.1.9' ],
28 silly audit   'object.fromentries': [ '2.0.8' ],
28 silly audit   'object.groupby': [ '1.0.3' ],
28 silly audit   'object.values': [ '1.2.1' ],
28 silly audit   obuf: [ '1.1.2' ],
28 silly audit   'on-finished': [ '2.4.1' ],
28 silly audit   'on-headers': [ '1.1.0' ],
28 silly audit   once: [ '1.4.0' ],
28 silly audit   onetime: [ '5.1.2' ],
28 silly audit   open: [ '8.4.2', '10.2.0' ],
28 silly audit   optionator: [ '0.9.4', '0.8.3' ],
28 silly audit   outdent: [ '0.5.0' ],
28 silly audit   'own-keys': [ '1.0.1' ],
28 silly audit   'p-filter': [ '2.1.0' ],
28 silly audit   'p-map': [ '2.1.0' ],
28 silly audit   'p-retry': [ '6.2.1' ],
28 silly audit   'p-try': [ '2.2.0' ],
28 silly audit   'package-json-from-dist': [ '1.0.1' ],
28 silly audit   'package-manager-detector': [ '0.2.11' ],
28 silly audit   pako: [ '2.1.0' ],
28 silly audit   papaparse: [ '5.5.3' ],
28 silly audit   'param-case': [ '3.0.4' ],
28 silly audit   'parent-module': [ '1.0.1' ],
28 silly audit   'parse-json': [ '5.2.0' ],
28 silly audit   parse5: [ '6.0.1' ],
28 silly audit   parseurl: [ '1.3.3' ],
28 silly audit   'pascal-case': [ '3.1.2' ],
28 silly audit   'path-exists': [ '4.0.0', '3.0.0' ],
28 silly audit   'path-is-absolute': [ '1.0.1' ],
28 silly audit   'path-key': [ '3.1.1' ],
28 silly audit   'path-parse': [ '1.0.7' ],
28 silly audit   'path-scurry': [ '1.11.1' ],
28 silly audit   'path-to-regexp': [ '0.1.12' ],
28 silly audit   'path-type': [ '4.0.0' ],
28 silly audit   'perfect-scrollbar': [ '1.5.6' ],
28 silly audit   'performance-now': [ '2.1.0' ],
28 silly audit   picocolors: [ '1.1.1' ],
28 silly audit   picomatch: [ '2.3.1' ],
28 silly audit   pify: [ '2.3.0', '4.0.1' ],
28 silly audit   pirates: [ '4.0.7' ],
28 silly audit   'pkg-dir': [ '4.2.0' ],
28 silly audit   'pkg-up': [ '3.1.0' ],
28 silly audit   popmotion: [ '11.0.3' ],
28 silly audit   'possible-typed-array-names': [ '1.1.0' ],
28 silly audit   postcss: [ '8.5.6' ],
28 silly audit   'postcss-attribute-case-insensitive': [ '5.0.2' ],
28 silly audit   'postcss-browser-comments': [ '4.0.0' ],
28 silly audit   'postcss-calc': [ '8.2.4' ],
28 silly audit   'postcss-clamp': [ '4.1.0' ],
28 silly audit   'postcss-color-functional-notation': [ '4.2.4' ],
28 silly audit   'postcss-color-hex-alpha': [ '8.0.4' ],
28 silly audit   'postcss-color-rebeccapurple': [ '7.1.1' ],
28 silly audit   'postcss-colormin': [ '5.3.1' ],
28 silly audit   'postcss-convert-values': [ '5.1.3' ],
28 silly audit   'postcss-custom-media': [ '8.0.2' ],
28 silly audit   'postcss-custom-properties': [ '12.1.11' ],
28 silly audit   'postcss-custom-selectors': [ '6.0.3' ],
28 silly audit   'postcss-dir-pseudo-class': [ '6.0.5' ],
28 silly audit   'postcss-discard-comments': [ '5.1.2' ],
28 silly audit   'postcss-discard-duplicates': [ '5.1.0' ],
28 silly audit   'postcss-discard-empty': [ '5.1.1' ],
28 silly audit   'postcss-discard-overridden': [ '5.1.0' ],
28 silly audit   'postcss-double-position-gradients': [ '3.1.2' ],
28 silly audit   'postcss-env-function': [ '4.0.6' ],
28 silly audit   'postcss-flexbugs-fixes': [ '5.0.2' ],
28 silly audit   'postcss-focus-visible': [ '6.0.4' ],
28 silly audit   'postcss-focus-within': [ '5.0.4' ],
28 silly audit   'postcss-font-variant': [ '5.0.0' ],
28 silly audit   'postcss-gap-properties': [ '3.0.5' ],
28 silly audit   'postcss-image-set-function': [ '4.0.7' ],
28 silly audit   'postcss-import': [ '15.1.0' ],
28 silly audit   'postcss-initial': [ '4.0.1' ],
28 silly audit   'postcss-js': [ '4.1.0' ],
28 silly audit   'postcss-lab-function': [ '4.2.1' ],
28 silly audit   'postcss-loader': [ '6.2.1' ],
28 silly audit   'postcss-logical': [ '5.0.4' ],
28 silly audit   'postcss-media-minmax': [ '5.0.0' ],
28 silly audit   'postcss-merge-longhand': [ '5.1.7' ],
28 silly audit   'postcss-merge-rules': [ '5.1.4' ],
28 silly audit   'postcss-minify-font-values': [ '5.1.0' ],
28 silly audit   'postcss-minify-gradients': [ '5.1.1' ],
28 silly audit   'postcss-minify-params': [ '5.1.4' ],
28 silly audit   'postcss-minify-selectors': [ '5.2.1' ],
28 silly audit   'postcss-modules-extract-imports': [ '3.1.0' ],
28 silly audit   'postcss-modules-local-by-default': [ '4.2.0' ],
28 silly audit   'postcss-selector-parser': [ '7.1.0', '6.1.2' ],
28 silly audit   'postcss-modules-scope': [ '3.2.1' ],
28 silly audit   'postcss-modules-values': [ '4.0.0' ],
28 silly audit   'postcss-nested': [ '6.2.0' ],
28 silly audit   'postcss-nesting': [ '10.2.0' ],
28 silly audit   'postcss-normalize': [ '10.0.1' ],
28 silly audit   'postcss-normalize-charset': [ '5.1.0' ],
28 silly audit   'postcss-normalize-display-values': [ '5.1.0' ],
28 silly audit   'postcss-normalize-positions': [ '5.1.1' ],
28 silly audit   'postcss-normalize-repeat-style': [ '5.1.1' ],
28 silly audit   'postcss-normalize-string': [ '5.1.0' ],
28 silly audit   'postcss-normalize-timing-functions': [ '5.1.0' ],
28 silly audit   'postcss-normalize-unicode': [ '5.1.1' ],
28 silly audit   'postcss-normalize-url': [ '5.1.0' ],
28 silly audit   'postcss-normalize-whitespace': [ '5.1.1' ],
28 silly audit   'postcss-opacity-percentage': [ '1.1.3' ],
28 silly audit   'postcss-ordered-values': [ '5.1.3' ],
28 silly audit   'postcss-overflow-shorthand': [ '3.0.4' ],
28 silly audit   'postcss-page-break': [ '3.0.4' ],
28 silly audit   'postcss-place': [ '7.0.5' ],
28 silly audit   'postcss-preset-env': [ '7.8.3' ],
28 silly audit   'postcss-pseudo-class-any-link': [ '7.1.6' ],
28 silly audit   'postcss-reduce-initial': [ '5.1.2' ],
28 silly audit   'postcss-reduce-transforms': [ '5.1.0' ],
28 silly audit   'postcss-replace-overflow-wrap': [ '4.0.0' ],
28 silly audit   'postcss-selector-not': [ '6.0.1' ],
28 silly audit   'postcss-svgo': [ '5.1.0' ],
28 silly audit   svgo: [ '2.8.0', '3.3.2' ],
28 silly audit   'postcss-unique-selectors': [ '5.1.1' ],
28 silly audit   'postcss-value-parser': [ '4.2.0' ],
28 silly audit   preact: [ '10.12.1', '10.10.6' ],
28 silly audit   'preact-render-to-string': [ '5.2.6' ],
28 silly audit   'prelude-ls': [ '1.2.1', '1.1.2' ],
28 silly audit   prettier: [ '2.8.8' ],
28 silly audit   'prettier-linter-helpers': [ '1.0.0' ],
28 silly audit   'pretty-bytes': [ '5.6.0' ],
28 silly audit   'pretty-error': [ '4.0.0' ],
28 silly audit   'process-nextick-args': [ '2.0.1' ],
28 silly audit   promise: [ '8.3.0' ],
28 silly audit   prompts: [ '2.4.2' ],
28 silly audit   'prop-types': [ '15.8.1' ],
28 silly audit   'property-expr': [ '2.0.6' ],
28 silly audit   'proxy-addr': [ '2.0.7' ],
28 silly audit   'proxy-from-env': [ '1.1.0' ],
28 silly audit   psl: [ '1.15.0' ],
28 silly audit   punycode: [ '2.3.1' ],
28 silly audit   qs: [ '6.13.0' ],
28 silly audit   quansync: [ '0.2.11' ],
28 silly audit   querystringify: [ '2.2.0' ],
28 silly audit   'queue-microtask': [ '1.2.3' ],
28 silly audit   raf: [ '3.4.1' ],
28 silly audit   randombytes: [ '2.1.0' ],
28 silly audit   'range-parser': [ '1.2.1' ],
28 silly audit   'raw-body': [ '2.5.2' ],
28 silly audit   react: [ '18.3.1' ],
28 silly audit   'react-apexcharts': [ '1.8.0' ],
28 silly audit   'react-app-polyfill': [ '3.0.0' ],
28 silly audit   'react-date-range': [ '2.0.1' ],
28 silly audit   'react-dev-utils': [ '12.0.1' ],
28 silly audit   'react-device-detect': [ '2.2.3' ],
28 silly audit   'react-dom': [ '18.3.1' ],
28 silly audit   'react-email-editor': [ '1.7.11' ],
28 silly audit   'react-error-overlay': [ '6.1.0' ],
28 silly audit   'react-fast-compare': [ '2.0.4', '3.2.2' ],
28 silly audit   'react-helmet': [ '6.1.0' ],
28 silly audit   'react-hook-form': [ '7.65.0' ],
28 silly audit   'react-list': [ '0.8.18' ],
28 silly audit   'react-perfect-scrollbar': [ '1.5.8' ],
28 silly audit   'react-redux': [ '8.1.3' ],
28 silly audit   'react-refresh': [ '0.11.0' ],
28 silly audit   'react-router': [ '6.3.0' ],
28 silly audit   'react-router-dom': [ '6.3.0' ],
28 silly audit   'react-side-effect': [ '2.1.2' ],
28 silly audit   'react-toastify': [ '9.1.3' ],
28 silly audit   'react-transition-group': [ '4.4.5' ],
28 silly audit   'read-cache': [ '1.0.0' ],
28 silly audit   'read-yaml-file': [ '1.1.0' ],
28 silly audit   'strip-bom': [ '3.0.0', '4.0.0' ],
28 silly audit   readdirp: [ '3.6.0', '4.1.2' ],
28 silly audit   recharts: [ '3.3.0' ],
28 silly audit   'recursive-readdir': [ '2.2.3' ],
28 silly audit   'reflect.getprototypeof': [ '1.0.10' ],
28 silly audit   regenerate: [ '1.4.2' ],
28 silly audit   'regenerate-unicode-properties': [ '10.2.2' ],
28 silly audit   'regenerator-runtime': [ '0.13.11' ],
28 silly audit   'regex-parser': [ '2.3.1' ],
28 silly audit   'regexp.prototype.flags': [ '1.5.4' ],
28 silly audit   'regexpu-core': [ '6.4.0' ],
28 silly audit   regjsgen: [ '0.8.0' ],
28 silly audit   regjsparser: [ '0.13.0' ],
28 silly audit   relateurl: [ '0.2.7' ],
28 silly audit   renderkid: [ '3.0.0' ],
28 silly audit   'require-directory': [ '2.1.1' ],
28 silly audit   'require-from-string': [ '2.0.2' ],
28 silly audit   'requires-port': [ '1.0.0' ],
28 silly audit   'resolve-cwd': [ '3.0.0' ],
28 silly audit   'resolve-url-loader': [ '5.0.0' ],
28 silly audit   'resolve.exports': [ '1.1.1' ],
28 silly audit   retry: [ '0.13.1' ],
28 silly audit   reusify: [ '1.1.0' ],
28 silly audit   rgbcolor: [ '1.0.1' ],
28 silly audit   rimraf: [ '3.0.2' ],
28 silly audit   rollup: [ '2.79.2' ],
28 silly audit   'rollup-plugin-terser': [ '7.0.2' ],
28 silly audit   'serialize-javascript': [ '4.0.0', '6.0.2' ],
28 silly audit   'run-applescript': [ '7.1.0' ],
28 silly audit   'run-parallel': [ '1.2.0' ],
28 silly audit   'safe-array-concat': [ '1.1.3' ],
28 silly audit   'safe-push-apply': [ '1.0.0' ],
28 silly audit   'safe-regex-test': [ '1.1.0' ],
28 silly audit   'safer-buffer': [ '2.1.2' ],
28 silly audit   'sanitize.css': [ '13.0.0' ],
28 silly audit   sass: [ '1.93.2' ],
28 silly audit   'sass-loader': [ '12.6.0' ],
28 silly audit   saxes: [ '5.0.1' ],
28 silly audit   scheduler: [ '0.23.2' ],
28 silly audit   'select-hose': [ '2.0.0' ],
28 silly audit   selfsigned: [ '2.4.1' ],
28 silly audit   send: [ '0.19.0' ],
28 silly audit   'serve-index': [ '1.9.1' ],
28 silly audit   setprototypeof: [ '1.1.0', '1.2.0' ],
28 silly audit   statuses: [ '1.5.0', '2.0.1' ],
28 silly audit   'serve-static': [ '1.16.2' ],
28 silly audit   'set-function-length': [ '1.2.2' ],
28 silly audit   'set-function-name': [ '2.0.2' ],
28 silly audit   'set-proto': [ '1.0.0' ],
28 silly audit   'shallow-equal': [ '1.2.1' ],
28 silly audit   'shebang-command': [ '2.0.0' ],
28 silly audit   'shebang-regex': [ '3.0.0' ],
28 silly audit   'shell-quote': [ '1.8.3' ],
28 silly audit   'side-channel': [ '1.1.0' ],
28 silly audit   'side-channel-list': [ '1.0.0' ],
28 silly audit   'side-channel-map': [ '1.0.1' ],
28 silly audit   'side-channel-weakmap': [ '1.0.2' ],
28 silly audit   sisteransi: [ '1.0.5' ],
28 silly audit   'snake-case': [ '3.0.4' ],
28 silly audit   sockjs: [ '0.3.24' ],
28 silly audit   'source-list-map': [ '2.0.1' ],
28 silly audit   'source-map-js': [ '1.2.1' ],
28 silly audit   'source-map-loader': [ '3.0.2' ],
28 silly audit   'source-map-support': [ '0.5.21' ],
28 silly audit   'sourcemap-codec': [ '1.4.8' ],
28 silly audit   spawndamnit: [ '3.0.1' ],
28 silly audit   spdy: [ '4.0.2' ],
28 silly audit   'spdy-transport': [ '3.0.0' ],
28 silly audit   'sprintf-js': [ '1.0.3' ],
28 silly audit   stable: [ '0.1.8' ],
28 silly audit   'stack-utils': [ '2.0.6' ],
28 silly audit   'stackblur-canvas': [ '2.7.0' ],
28 silly audit   stackframe: [ '1.3.4' ],
28 silly audit   'static-eval': [ '2.0.2' ],
28 silly audit   'type-check': [ '0.3.2', '0.4.0' ],
28 silly audit   'stop-iteration-iterator': [ '1.1.0' ],
28 silly audit   'string-natural-compare': [ '3.0.1' ],
28 silly audit   'string.prototype.includes': [ '2.0.1' ],
28 silly audit   'string.prototype.matchall': [ '4.0.12' ],
28 silly audit   'string.prototype.repeat': [ '1.0.0' ],
28 silly audit   'string.prototype.trim': [ '1.2.10' ],
28 silly audit   'string.prototype.trimend': [ '1.0.9' ],
28 silly audit   'string.prototype.trimstart': [ '1.0.8' ],
28 silly audit   'stringify-object': [ '3.3.0' ],
28 silly audit   'strip-comments': [ '2.0.1' ],
28 silly audit   'strip-final-newline': [ '2.0.0' ],
28 silly audit   'strip-json-comments': [ '3.1.1' ],
28 silly audit   'style-loader': [ '3.3.4' ],
28 silly audit   'style-value-types': [ '5.0.0' ],
28 silly audit   stylehacks: [ '5.1.1' ],
28 silly audit   stylis: [ '4.2.0' ],
28 silly audit   sucrase: [ '3.35.0' ],
28 silly audit   'supports-hyperlinks': [ '2.3.0' ],
28 silly audit   'supports-preserve-symlinks-flag': [ '1.0.0' ],
28 silly audit   'svg-parser': [ '2.0.4' ],
28 silly audit   'svg-pathdata': [ '6.0.3' ],
28 silly audit   'symbol-tree': [ '3.2.4' ],
28 silly audit   tailwindcss: [ '3.4.18' ],
28 silly audit   'postcss-load-config': [ '6.0.1' ],
28 silly audit   yaml: [ '2.8.1', '1.10.2' ],
28 silly audit   'temp-dir': [ '2.0.0' ],
28 silly audit   tempy: [ '0.6.0' ],
28 silly audit   'term-size': [ '2.2.1' ],
28 silly audit   'terminal-link': [ '2.1.1' ],
28 silly audit   terser: [ '5.44.0' ],
28 silly audit   'terser-webpack-plugin': [ '5.3.14' ],
28 silly audit   'test-exclude': [ '6.0.0' ],
28 silly audit   'text-segmentation': [ '1.0.3' ],
28 silly audit   'text-table': [ '0.2.0' ],
28 silly audit   thenify: [ '3.3.1' ],
28 silly audit   'thenify-all': [ '1.6.0' ],
28 silly audit   thingies: [ '2.5.0' ],
28 silly audit   throat: [ '6.0.2' ],
28 silly audit   thunky: [ '1.1.0' ],
28 silly audit   'tiny-invariant': [ '1.3.3' ],
28 silly audit   'tiny-warning': [ '1.0.3' ],
28 silly audit   tmpl: [ '1.0.5' ],
28 silly audit   'to-regex-range': [ '5.0.1' ],
28 silly audit   toast: [ '0.5.4' ],
28 silly audit   toidentifier: [ '1.0.1' ],
28 silly audit   toposort: [ '2.0.2' ],
28 silly audit   'tough-cookie': [ '4.1.4' ],
28 silly audit   tr46: [ '2.1.0', '1.0.1' ],
28 silly audit   'tree-dump': [ '1.1.0' ],
28 silly audit   tryer: [ '1.0.1' ],
28 silly audit   'ts-interface-checker': [ '0.1.13' ],
28 silly audit   'tsconfig-paths': [ '3.15.0' ],
28 silly audit   tslib: [ '2.8.1', '1.14.1' ],
28 silly audit   tsutils: [ '3.21.0' ],
28 silly audit   'type-detect': [ '4.0.8' ],
28 silly audit   'type-is': [ '1.6.18' ],
28 silly audit   'typed-array-buffer': [ '1.0.3' ],
28 silly audit   'typed-array-byte-length': [ '1.0.3' ],
28 silly audit   'typed-array-byte-offset': [ '1.0.4' ],
28 silly audit   'typed-array-length': [ '1.0.7' ],
28 silly audit   'typedarray-to-buffer': [ '3.1.5' ],
28 silly audit   typescript: [ '5.9.3' ],
28 silly audit   'ua-parser-js': [ '1.0.41' ],
28 silly audit   'unbox-primitive': [ '1.1.0' ],
28 silly audit   underscore: [ '1.12.1' ],
28 silly audit   'undici-types': [ '7.16.0' ],
28 silly audit   'unicode-canonical-property-names-ecmascript': [ '2.0.1' ],
28 silly audit   'unicode-match-property-ecmascript': [ '2.0.0' ],
28 silly audit   'unicode-match-property-value-ecmascript': [ '2.2.1' ],
28 silly audit   'unicode-property-aliases-ecmascript': [ '2.2.0' ],
28 silly audit   'unique-string': [ '2.0.0' ],
28 silly audit   'unlayer-types': [ '1.320.0' ],
28 silly audit   unpipe: [ '1.0.0' ],
28 silly audit   upath: [ '1.2.0' ],
28 silly audit   'update-browserslist-db': [ '1.1.4' ],
28 silly audit   'uri-js': [ '4.4.1' ],
28 silly audit   'url-parse': [ '1.5.10' ],
28 silly audit   'use-sync-external-store': [ '1.6.0' ],
28 silly audit   'util-deprecate': [ '1.0.2' ],
28 silly audit   utila: [ '0.4.0' ],
28 silly audit   'utils-merge': [ '1.0.1' ],
28 silly audit   utrie: [ '1.0.2' ],
28 silly audit   uuid: [ '8.3.2' ],
28 silly audit   'v8-to-istanbul': [ '8.1.1' ],
28 silly audit   vary: [ '1.1.2' ],
28 silly audit   'victory-vendor': [ '37.3.6' ],
28 silly audit   'w3c-hr-time': [ '1.0.2' ],
28 silly audit   'w3c-xmlserializer': [ '2.0.0' ],
28 silly audit   walker: [ '1.0.8' ],
28 silly audit   watchpack: [ '2.4.4' ],
28 silly audit   wbuf: [ '1.7.3' ],
28 silly audit   webpack: [ '5.102.1' ],
28 silly audit   'webpack-dev-middleware': [ '7.4.5' ],
28 silly audit   'webpack-dev-server': [ '5.2.2' ],
28 silly audit   ws: [ '8.18.3', '7.5.10' ],
28 silly audit   'webpack-manifest-plugin': [ '4.1.1' ],
28 silly audit   'webpack-sources': [ '2.3.1', '3.3.3', '1.4.3' ],
28 silly audit   'websocket-driver': [ '0.7.4' ],
28 silly audit   'websocket-extensions': [ '0.1.4' ],
28 silly audit   'whatwg-encoding': [ '1.0.5' ],
28 silly audit   'whatwg-fetch': [ '3.6.20' ],
28 silly audit   'whatwg-mimetype': [ '2.3.0' ],
28 silly audit   'whatwg-url': [ '8.7.0', '7.1.0' ],
28 silly audit   'which-boxed-primitive': [ '1.1.1' ],
28 silly audit   'which-builtin-type': [ '1.2.1' ],
28 silly audit   'which-collection': [ '1.0.2' ],
28 silly audit   'which-typed-array': [ '1.1.19' ],
28 silly audit   'word-wrap': [ '1.2.5' ],
28 silly audit   'workbox-background-sync': [ '6.6.0' ],
28 silly audit   'workbox-broadcast-update': [ '6.6.0' ],
28 silly audit   'workbox-build': [ '6.6.0' ],
28 silly audit   '@apideck/better-ajv-errors': [ '0.3.6' ],
28 silly audit   'workbox-cacheable-response': [ '6.6.0' ],
28 silly audit   'workbox-core': [ '6.6.0' ],
28 silly audit   'workbox-expiration': [ '6.6.0' ],
28 silly audit   'workbox-google-analytics': [ '6.6.0' ],
28 silly audit   'workbox-navigation-preload': [ '6.6.0' ],
28 silly audit   'workbox-precaching': [ '6.6.0' ],
28 silly audit   'workbox-range-requests': [ '6.6.0' ],
28 silly audit   'workbox-recipes': [ '6.6.0' ],
28 silly audit   'workbox-routing': [ '6.6.0' ],
28 silly audit   'workbox-strategies': [ '6.6.0' ],
28 silly audit   'workbox-streams': [ '6.6.0' ],
28 silly audit   'workbox-sw': [ '6.6.0' ],
28 silly audit   'workbox-webpack-plugin': [ '6.6.0' ],
28 silly audit   'workbox-window': [ '6.6.0' ],
28 silly audit   wrappy: [ '1.0.2' ],
28 silly audit   'write-file-atomic': [ '3.0.3' ],
28 silly audit   'wsl-utils': [ '0.1.0' ],
28 silly audit   'xml-name-validator': [ '3.0.0' ],
28 silly audit   xmlchars: [ '2.2.0' ],
28 silly audit   y18n: [ '5.0.8' ],
28 silly audit   yallist: [ '3.1.1' ],
28 silly audit   yargs: [ '16.2.0' ],
28 silly audit   'yargs-parser': [ '20.2.9' ],
28 silly audit   'yocto-queue': [ '0.1.0' ],
28 silly audit   yup: [ '0.32.11' ],
28 silly audit   '@tabler/icons-react': [ '3.35.0' ]
28 silly audit }
29 verbose reify failed optional dependency /Users/webninjaz-developer/Desktop/hms/hostle/node_modules/@toastdotdev/lib-win32-x64-msvc
30 silly reify mark deleted [
30 silly reify   '/Users/webninjaz-developer/Desktop/hms/hostle/node_modules/@toastdotdev/lib-win32-x64-msvc'
30 silly reify ]
31 verbose reify failed optional dependency /Users/webninjaz-developer/Desktop/hms/hostle/node_modules/@toastdotdev/lib-linux-x64-gnu
32 silly reify mark deleted [
32 silly reify   '/Users/webninjaz-developer/Desktop/hms/hostle/node_modules/@toastdotdev/lib-linux-x64-gnu'
32 silly reify ]
33 verbose reify failed optional dependency /Users/webninjaz-developer/Desktop/hms/hostle/node_modules/@toastdotdev/lib-darwin-arm64
34 silly reify mark deleted [
34 silly reify   '/Users/webninjaz-developer/Desktop/hms/hostle/node_modules/@toastdotdev/lib-darwin-arm64'
34 silly reify ]
35 verbose reify failed optional dependency /Users/webninjaz-developer/Desktop/hms/hostle/node_modules/@parcel/watcher-win32-x64
36 silly reify mark deleted [
36 silly reify   '/Users/webninjaz-developer/Desktop/hms/hostle/node_modules/@parcel/watcher-win32-x64'
36 silly reify ]
37 verbose reify failed optional dependency /Users/webninjaz-developer/Desktop/hms/hostle/node_modules/@parcel/watcher-win32-ia32
38 silly reify mark deleted [
38 silly reify   '/Users/webninjaz-developer/Desktop/hms/hostle/node_modules/@parcel/watcher-win32-ia32'
38 silly reify ]
39 verbose reify failed optional dependency /Users/webninjaz-developer/Desktop/hms/hostle/node_modules/@parcel/watcher-win32-arm64
40 silly reify mark deleted [
40 silly reify   '/Users/webninjaz-developer/Desktop/hms/hostle/node_modules/@parcel/watcher-win32-arm64'
40 silly reify ]
41 verbose reify failed optional dependency /Users/webninjaz-developer/Desktop/hms/hostle/node_modules/@parcel/watcher-linux-x64-musl
42 silly reify mark deleted [
42 silly reify   '/Users/webninjaz-developer/Desktop/hms/hostle/node_modules/@parcel/watcher-linux-x64-musl'
42 silly reify ]
43 verbose reify failed optional dependency /Users/webninjaz-developer/Desktop/hms/hostle/node_modules/@parcel/watcher-linux-x64-glibc
44 silly reify mark deleted [
44 silly reify   '/Users/webninjaz-developer/Desktop/hms/hostle/node_modules/@parcel/watcher-linux-x64-glibc'
44 silly reify ]
45 verbose reify failed optional dependency /Users/webninjaz-developer/Desktop/hms/hostle/node_modules/@parcel/watcher-linux-arm64-musl
46 silly reify mark deleted [
46 silly reify   '/Users/webninjaz-developer/Desktop/hms/hostle/node_modules/@parcel/watcher-linux-arm64-musl'
46 silly reify ]
47 verbose reify failed optional dependency /Users/webninjaz-developer/Desktop/hms/hostle/node_modules/@parcel/watcher-linux-arm64-glibc
48 silly reify mark deleted [
48 silly reify   '/Users/webninjaz-developer/Desktop/hms/hostle/node_modules/@parcel/watcher-linux-arm64-glibc'
48 silly reify ]
49 verbose reify failed optional dependency /Users/webninjaz-developer/Desktop/hms/hostle/node_modules/@parcel/watcher-linux-arm-musl
50 silly reify mark deleted [
50 silly reify   '/Users/webninjaz-developer/Desktop/hms/hostle/node_modules/@parcel/watcher-linux-arm-musl'
50 silly reify ]
51 verbose reify failed optional dependency /Users/webninjaz-developer/Desktop/hms/hostle/node_modules/@parcel/watcher-linux-arm-glibc
52 silly reify mark deleted [
52 silly reify   '/Users/webninjaz-developer/Desktop/hms/hostle/node_modules/@parcel/watcher-linux-arm-glibc'
52 silly reify ]
53 verbose reify failed optional dependency /Users/webninjaz-developer/Desktop/hms/hostle/node_modules/@parcel/watcher-freebsd-x64
54 silly reify mark deleted [
54 silly reify   '/Users/webninjaz-developer/Desktop/hms/hostle/node_modules/@parcel/watcher-freebsd-x64'
54 silly reify ]
55 verbose reify failed optional dependency /Users/webninjaz-developer/Desktop/hms/hostle/node_modules/@parcel/watcher-darwin-arm64
56 silly reify mark deleted [
56 silly reify   '/Users/webninjaz-developer/Desktop/hms/hostle/node_modules/@parcel/watcher-darwin-arm64'
56 silly reify ]
57 verbose reify failed optional dependency /Users/webninjaz-developer/Desktop/hms/hostle/node_modules/@parcel/watcher-android-arm64
58 silly reify mark deleted [
58 silly reify   '/Users/webninjaz-developer/Desktop/hms/hostle/node_modules/@parcel/watcher-android-arm64'
58 silly reify ]
59 http fetch POST 200 https://registry.npmjs.org/-/npm/v1/security/advisories/bulk 639ms
60 silly audit report {}
61 silly ADD
62 silly ADD
63 silly ADD
64 silly ADD
65 silly ADD
66 silly ADD
67 silly ADD
68 silly ADD
69 silly ADD
70 silly ADD
71 silly ADD
72 silly ADD
73 silly ADD
74 silly ADD
75 silly ADD
76 verbose cwd /Users/webninjaz-developer/Desktop/hms/hostle
77 verbose os Darwin 24.6.0
78 verbose node v23.10.0
79 verbose npm  v10.9.2
80 verbose exit 0
81 info ok
